Archive member included because of file (symbol)

O:\good version\DFRobotRTOS_T2_S1\LibFreeRTOS\Debug\libLibFreeRTOS.a(FreeRTOS_DriverInterface.o)
                              ./Source/Main.o (FreeRTOS_open)
O:\good version\DFRobotRTOS_T2_S1\LibFreeRTOS\Debug\libLibFreeRTOS.a(FreeRTOS_Heap.o)
                              O:\good version\DFRobotRTOS_T2_S1\LibFreeRTOS\Debug\libLibFreeRTOS.a(FreeRTOS_DriverInterface.o) (pvPortMalloc)
O:\good version\DFRobotRTOS_T2_S1\LibFreeRTOS\Debug\libLibFreeRTOS.a(FreeRTOS_IOUtilsCharQueueTxAndRx.o)
                              O:\good version\DFRobotRTOS_T2_S1\LibFreeRTOS\Debug\libLibFreeRTOS.a(FreeRTOS_DriverInterface.o) (xIOUtilsSetTxQueueTimeout)
O:\good version\DFRobotRTOS_T2_S1\LibFreeRTOS\Debug\libLibFreeRTOS.a(FreeRTOS_IOUtilsCircularBufferRx.o)
                              O:\good version\DFRobotRTOS_T2_S1\LibFreeRTOS\Debug\libLibFreeRTOS.a(FreeRTOS_DriverInterface.o) (xIOUtilsConfigureCircularBufferRx)
O:\good version\DFRobotRTOS_T2_S1\LibFreeRTOS\Debug\libLibFreeRTOS.a(FreeRTOS_IOUtilsZeroCopyTx.o)
                              O:\good version\DFRobotRTOS_T2_S1\LibFreeRTOS\Debug\libLibFreeRTOS.a(FreeRTOS_DriverInterface.o) (xIOUtilsConfigureZeroCopyTx)
O:\good version\DFRobotRTOS_T2_S1\LibFreeRTOS\Debug\libLibFreeRTOS.a(FreeRTOS_Port.o)
                              ./Source/Main.o (vPortYieldFromISR)
O:\good version\DFRobotRTOS_T2_S1\LibFreeRTOS\Debug\libLibFreeRTOS.a(FreeRTOS_Queue.o)
                              O:\good version\DFRobotRTOS_T2_S1\LibFreeRTOS\Debug\libLibFreeRTOS.a(FreeRTOS_IOUtilsCharQueueTxAndRx.o) (xQueueGenericReset)
O:\good version\DFRobotRTOS_T2_S1\LibFreeRTOS\Debug\libLibFreeRTOS.a(FreeRTOS_Tasks.o)
                              O:\good version\DFRobotRTOS_T2_S1\LibFreeRTOS\Debug\libLibFreeRTOS.a(FreeRTOS_Port.o) (pxCurrentTCB)
O:\good version\DFRobotRTOS_T2_S1\LibFreeRTOS\Debug\libLibFreeRTOS.a(FreeRTOS_Timers.o)
                              O:\good version\DFRobotRTOS_T2_S1\LibFreeRTOS\Debug\libLibFreeRTOS.a(FreeRTOS_Tasks.o) (xTimerCreateTimerTask)
O:\good version\DFRobotRTOS_T2_S1\LibFreeRTOS\Debug\libLibFreeRTOS.a(LPC17xx_DriverInterface.o)
                              O:\good version\DFRobotRTOS_T2_S1\LibFreeRTOS\Debug\libLibFreeRTOS.a(FreeRTOS_DriverInterface.o) (vFreeRTOS_lpc17xx_PopulateFunctionPointers)
O:\good version\DFRobotRTOS_T2_S1\LibFreeRTOS\Debug\libLibFreeRTOS.a(FreeRTOS_I2C.o)
                              O:\good version\DFRobotRTOS_T2_S1\LibFreeRTOS\Debug\libLibFreeRTOS.a(LPC17xx_DriverInterface.o) (FreeRTOS_I2C_open)
O:\good version\DFRobotRTOS_T2_S1\LibFreeRTOS\Debug\libLibFreeRTOS.a(FreeRTOS_IOUtils.o)
                              O:\good version\DFRobotRTOS_T2_S1\LibFreeRTOS\Debug\libLibFreeRTOS.a(FreeRTOS_IOUtilsCharQueueTxAndRx.o) (vIOUtilsCreateTransferControlStructure)
O:\good version\DFRobotRTOS_T2_S1\LibFreeRTOS\Debug\libLibFreeRTOS.a(FreeRTOS_List.o)
                              O:\good version\DFRobotRTOS_T2_S1\LibFreeRTOS\Debug\libLibFreeRTOS.a(FreeRTOS_Queue.o) (vListInitialise)
O:\good version\DFRobotRTOS_T2_S1\LibFreeRTOS\Debug\libLibFreeRTOS.a(FreeRTOS_SSP.o)
                              O:\good version\DFRobotRTOS_T2_S1\LibFreeRTOS\Debug\libLibFreeRTOS.a(LPC17xx_DriverInterface.o) (FreeRTOS_SSP_open)
O:\good version\DFRobotRTOS_T2_S1\LibFreeRTOS\Debug\libLibFreeRTOS.a(FreeRTOS_UART.o)
                              O:\good version\DFRobotRTOS_T2_S1\LibFreeRTOS\Debug\libLibFreeRTOS.a(LPC17xx_DriverInterface.o) (FreeRTOS_UART_open)
O:\good version\DFRobotRTOS_T2_S1\LibLPC17xx\Debug\libLibLPC17xx.a(LPC17xx_ADC.o)
                              ./Source/dfrobot.o (ADC_Init)
O:\good version\DFRobotRTOS_T2_S1\LibLPC17xx\Debug\libLibLPC17xx.a(LPC17xx_ClockPower.o)
                              O:\good version\DFRobotRTOS_T2_S1\LibLPC17xx\Debug\libLibLPC17xx.a(LPC17xx_ADC.o) (CLKPWR_GetPCLK)
O:\good version\DFRobotRTOS_T2_S1\LibLPC17xx\Debug\libLibLPC17xx.a(LPC17xx_Config.o)
                              O:\good version\DFRobotRTOS_T2_S1\LibLPC17xx\Debug\libLibLPC17xx.a(LPC17xx_ADC.o) (check_failed)
O:\good version\DFRobotRTOS_T2_S1\LibLPC17xx\Debug\libLibLPC17xx.a(LPC17xx_DAC.o)
                              ./Source/WavPlayer.o (DAC_Init)
O:\good version\DFRobotRTOS_T2_S1\LibLPC17xx\Debug\libLibLPC17xx.a(LPC17xx_GPIO.o)
                              ./Source/Main.o (GPIO_SetDir)
O:\good version\DFRobotRTOS_T2_S1\LibLPC17xx\Debug\libLibLPC17xx.a(LPC17xx_I2C.o)
                              O:\good version\DFRobotRTOS_T2_S1\LibFreeRTOS\Debug\libLibFreeRTOS.a(FreeRTOS_I2C.o) (I2C_Stop)
O:\good version\DFRobotRTOS_T2_S1\LibLPC17xx\Debug\libLibLPC17xx.a(LPC17xx_PinSelect.o)
                              ./Source/WavPlayer.o (PINSEL_ConfigPin)
O:\good version\DFRobotRTOS_T2_S1\LibLPC17xx\Debug\libLibLPC17xx.a(LPC17xx_SSP.o)
                              O:\good version\DFRobotRTOS_T2_S1\LibFreeRTOS\Debug\libLibFreeRTOS.a(FreeRTOS_SSP.o) (SSP_Init)
[...]
Memory Configuration

Name             Origin             Length             Attributes
MFlash512        0x00000000         0x00080000         xr
RamLoc32         0x10000000         0x00008000         xrw
RamAHB32         0x2007c000         0x00008000         xrw
*default*        0x00000000         0xffffffff

Linker script and memory map

LOAD ./Source/Font5x7.o
LOAD ./Source/Main.o
LOAD ./Source/NoSystem.o
LOAD ./Source/OLED.o
LOAD ./Source/Startup.o
LOAD ./Source/WavPlayer.o
LOAD ./Source/dfrobot.o
LOAD ./Source/joystick.o
LOAD ./Source/pca9532.o
LOAD O:\good version\DFRobotRTOS_T2_S1\LibFreeRTOS\Debug\libLibFreeRTOS.a
LOAD O:\good version\DFRobotRTOS_T2_S1\LibLPC17xx\Debug\libLibLPC17xx.a
LOAD O:\good version\DFRobotRTOS_T2_S1\LibCMSIS\Debug\libLibCMSIS.a
START GROUP
LOAD c:/nxp/lpcxpresso_7.8.0_426/lpcxpresso/tools/bin/../lib/gcc/arm-none-eabi/4.9.3/armv7-m\libgcc.a
LOAD c:/nxp/lpcxpresso_7.8.0_426/lpcxpresso/tools/bin/../lib/gcc/arm-none-eabi/4.9.3/../../../../arm-none-eabi/lib/armv7-m\libc.a
LOAD c:/nxp/lpcxpresso_7.8.0_426/lpcxpresso/tools/bin/../lib/gcc/arm-none-eabi/4.9.3/../../../../arm-none-eabi/lib/armv7-m\libm.a
END GROUP
                0x00080000                __top_MFlash512 = 0x80000
                0x10008000                __top_RamLoc32 = 0x10008000
                0x20084000                __top_RamAHB32 = 0x20084000

.text           0x00000000    0x19578
 FILL mask 0xff
                0x00000000                __vectors_start__ = ABSOLUTE (.)
 *(.isr_vector)
 .isr_vector    0x00000000       0xcc ./Source/Startup.o
                0x00000000                g_pfnVectors
                0x000000cc                . = ALIGN (0x4)
                0x000000cc                __section_table_start = .
                0x000000cc                __data_section_table = .
                0x000000cc        0x4 LONG 0x19580 LOADADDR (.data)
                0x000000d0        0x4 LONG 0x10000000 ADDR (.data)
                0x000000d4        0x4 LONG 0x88c SIZEOF (.data)
                0x000000d8        0x4 LONG 0x19580 LOADADDR (.data_RAM2)
                0x000000dc        0x4 LONG 0x2007c000 ADDR (.data_RAM2)
                0x000000e0        0x4 LONG 0x0 SIZEOF (.data_RAM2)
                0x000000e4                __data_section_table_end = .
                0x000000e4                __bss_section_table = .
                0x000000e4        0x4 LONG 0x10000890 ADDR (.bss)
                0x000000e8        0x4 LONG 0x4200 SIZEOF (.bss)
                0x000000ec        0x4 LONG 0x2007c000 ADDR (.bss_RAM2)
                0x000000f0        0x4 LONG 0x0 SIZEOF (.bss_RAM2)
                0x000000f4                __bss_section_table_end = .
                0x000000f4                __section_table_end = .
 *(.after_vectors*)
 .after_vectors
                0x000000f4      0x160 ./Source/Startup.o
                0x000000f4                data_init
                0x00000138                bss_init
                0x00000170                ResetISR
                0x000001e8                NMI_Handler
                0x000001f0                HardFault_Handler
                0x00000214                MemManage_Handler
                0x0000021c                BusFault_Handler
                0x00000224                UsageFault_Handler
                0x00000234                DebugMon_Handler
                0x0000024c                UART1_IRQHandler
                0x0000024c                I2C1_IRQHandler
                0x0000024c                TIMER3_IRQHandler
                0x0000024c                UART0_IRQHandler
                0x0000024c                USBActivity_IRQHandler
                0x0000024c                CANActivity_IRQHandler
                0x0000024c                EINT2_IRQHandler
                0x0000024c                IntDefaultHandler
                0x0000024c                PLL0_IRQHandler
                0x0000024c                I2C0_IRQHandler
                0x0000024c                PLL1_IRQHandler
                0x0000024c                SSP0_IRQHandler
                0x0000024c                I2S_IRQHandler
                0x0000024c                RTC_IRQHandler
                0x0000024c                SPI_IRQHandler
                0x0000024c                RIT_IRQHandler
                0x0000024c                EINT1_IRQHandler
                0x0000024c                TIMER1_IRQHandler
                0x0000024c                UART2_IRQHandler
                0x0000024c                ADC_IRQHandler
                0x0000024c                USB_IRQHandler
                0x0000024c                BOD_IRQHandler
                0x0000024c                PWM1_IRQHandler
                0x0000024c                WDT_IRQHandler
                0x0000024c                QEI_IRQHandler
                0x0000024c                EINT0_IRQHandler
                0x0000024c                CAN_IRQHandler
                0x0000024c                DMA_IRQHandler
                0x0000024c                TIMER2_IRQHandler
                0x0000024c                MCPWM_IRQHandler
                0x0000024c                ENET_IRQHandler
 *(.text*)
 .text.NVIC_SetPriorityGrouping
                0x00000254       0x48 ./Source/Main.o
 .text.NVIC_EnableIRQ
                0x0000029c       0x30 ./Source/Main.o
 .text.SoftwareTimerCallback
                0x000002cc       0x88 ./Source/Main.o
 .text.PutStringOLED1
                0x00000354       0x78 ./Source/Main.o
                0x00000354                PutStringOLED1
 .text.SevenSegmentTask
                0x000003cc       0x94 ./Source/Main.o
 .text.OLEDTask1
                0x00000460       0x6c ./Source/Main.o
 .text.OLEDTask2
                0x000004cc       0x4c ./Source/Main.o
 .text.OLEDTask3
                0x00000518       0x78 ./Source/Main.o
 .text.OLEDTask4
                0x00000590       0x98 ./Source/Main.o
 .text.LEDTask  0x00000628       0x8c ./Source/Main.o
 .text.TuneTask
                0x000006b4       0xc4 ./Source/Main.o
 .text.WEEEInputTask
                0x00000778      0x460 ./Source/Main.o
 .text.WEEEDisplayTask
                0x00000bd8       0x7c ./Source/Main.o
 .text.WEEEOutputTask
                0x00000c54       0x14 ./Source/Main.o
 .text.main     0x00000c68      0x294 ./Source/Main.o
                0x00000c68                main
 .text.EINT3_IRQHandler
                0x00000efc      0x384 ./Source/Main.o
                0x00000efc                EINT3_IRQHandler
 .text.vApplicationStackOverflowHook
                0x00001280       0x14 ./Source/Main.o
                0x00001280                vApplicationStackOverflowHook
 .text.vApplicationMallocFailedHook
                0x00001294       0x10 ./Source/Main.o
                0x00001294                vApplicationMallocFailedHook
 .text._sbrk    0x000012a4       0x4c ./Source/NoSystem.o
                0x000012a4                _sbrk
 .text.WriteCommand
                0x000012f0       0x40 ./Source/OLED.o
 .text.WriteData
                0x00001330       0x40 ./Source/OLED.o
 .text.WriteDataLength
                0x00001370       0x70 ./Source/OLED.o
 .text.RunInitSequence
                0x000013e0       0xd4 ./Source/OLED.o
 .text.OLED_Init
                0x000014b4       0x7c ./Source/OLED.o
                0x000014b4                OLED_Init
 .text.OLED_ClearScreen
                0x00001530       0x60 ./Source/OLED.o
                0x00001530                OLED_ClearScreen
 .text.OLED_Pixel
                0x00001590      0x148 ./Source/OLED.o
                0x00001590                OLED_Pixel
 .text.OLED_Char
                0x000016d8      0x134 ./Source/OLED.o
                0x000016d8                OLED_Char
 .text.pop_registers_from_fault_stack
                0x0000180c       0x48 ./Source/Startup.o
                0x0000180c                pop_registers_from_fault_stack
 .text.NVIC_EnableIRQ
                0x00001854       0x30 ./Source/WavPlayer.o
 .text.NVIC_DisableIRQ
                0x00001884       0x34 ./Source/WavPlayer.o
 .text.NVIC_SetPriority
                0x000018b8       0x54 ./Source/WavPlayer.o
 .text.WavPlayer_Init
                0x0000190c       0x94 ./Source/WavPlayer.o
                0x0000190c                WavPlayer_Init
 .text.Init_Timer0
                0x000019a0       0x70 ./Source/WavPlayer.o
 .text.WavPlayer_Play
                0x00001a10      0x2b4 ./Source/WavPlayer.o
                0x00001a10                WavPlayer_Play
 .text.TIMER0_IRQHandler
                0x00001cc4       0x6c ./Source/WavPlayer.o
                0x00001cc4                TIMER0_IRQHandler
 .text.WavPlayer_IsPlaying
                0x00001d30       0x20 ./Source/WavPlayer.o
                0x00001d30                WavPlayer_IsPlaying
 .text.WavPlayer_Stop
                0x00001d50       0x48 ./Source/WavPlayer.o
                0x00001d50                WavPlayer_Stop
 .text.WavPlayer_Pause
                0x00001d98       0x20 ./Source/WavPlayer.o
                0x00001d98                WavPlayer_Pause
 .text.DFR_PWMInit
                0x00001db8       0x8c ./Source/dfrobot.o
                0x00001db8                DFR_PWMInit
 .text.DFR_SetPWM
                0x00001e44       0x58 ./Source/dfrobot.o
                0x00001e44                DFR_SetPWM
 .text.DFR_ScalePWM
                0x00001e9c       0x98 ./Source/dfrobot.o
                0x00001e9c                DFR_ScalePWM
 .text.DFR_RobotInit
                0x00001f34       0x8c ./Source/dfrobot.o
                0x00001f34                DFR_RobotInit
 .text.DFR_DriveForward
                0x00001fc0       0x28 ./Source/dfrobot.o
                0x00001fc0                DFR_DriveForward
 .text.DFR_DriveBackward
                0x00001fe8       0x28 ./Source/dfrobot.o
                0x00001fe8                DFR_DriveBackward
 .text.DFR_DriveRight
                0x00002010       0x30 ./Source/dfrobot.o
                0x00002010                DFR_DriveRight
 .text.DFR_DriveLeft
                0x00002040       0x30 ./Source/dfrobot.o
                0x00002040                DFR_DriveLeft
 .text.DFR_DriveStop
                0x00002070       0x18 ./Source/dfrobot.o
                0x00002070                DFR_DriveStop
 .text.DFR_GetRightWheelCount
                0x00002088       0x18 ./Source/dfrobot.o
                0x00002088                DFR_GetRightWheelCount
 .text.DFR_SetRightWheelCount
                0x000020a0       0x20 ./Source/dfrobot.o
                0x000020a0                DFR_SetRightWheelCount
 .text.DFR_IncRightWheelCount
                0x000020c0       0x24 ./Source/dfrobot.o
                0x000020c0                DFR_IncRightWheelCount
 .text.DFR_SetRightWheelDestination
                0x000020e4       0x20 ./Source/dfrobot.o
                0x000020e4                DFR_SetRightWheelDestination
 .text.DFR_GetRightWheelDestination
                0x00002104       0x18 ./Source/dfrobot.o
                0x00002104                DFR_GetRightWheelDestination
 .text.DFR_GetLeftWheelCount
                0x0000211c       0x18 ./Source/dfrobot.o
                0x0000211c                DFR_GetLeftWheelCount
 .text.DFR_SetLeftWheelCount
                0x00002134       0x20 ./Source/dfrobot.o
                0x00002134                DFR_SetLeftWheelCount
 .text.DFR_IncLeftWheelCount
                0x00002154       0x24 ./Source/dfrobot.o
                0x00002154                DFR_IncLeftWheelCount
 .text.DFR_SetLeftWheelDestination
                0x00002178       0x20 ./Source/dfrobot.o
                0x00002178                DFR_SetLeftWheelDestination
 .text.DFR_GetLeftWheelDestination
                0x00002198       0x18 ./Source/dfrobot.o
                0x00002198                DFR_GetLeftWheelDestination
 .text.DFR_ClearWheelCounts
                0x000021b0       0x14 ./Source/dfrobot.o
                0x000021b0                DFR_ClearWheelCounts
 .text.joystick_init
                0x000021c4       0x1c ./Source/joystick.o
                0x000021c4                joystick_init
 .text.pca9532_init
                0x000021e0        0xc ./Source/pca9532.o
                0x000021e0                pca9532_init
 .text.FreeRTOS_open
                0x000021ec       0xe0 O:\good version\DFRobotRTOS_T2_S1\LibFreeRTOS\Debug\libLibFreeRTOS.a(FreeRTOS_DriverInterface.o)
                0x000021ec                FreeRTOS_open
 .text.pvPortMalloc
                0x000022cc      0x150 O:\good version\DFRobotRTOS_T2_S1\LibFreeRTOS\Debug\libLibFreeRTOS.a(FreeRTOS_Heap.o)
                0x000022cc                pvPortMalloc
 .text.vPortFree
                0x0000241c       0x70 O:\good version\DFRobotRTOS_T2_S1\LibFreeRTOS\Debug\libLibFreeRTOS.a(FreeRTOS_Heap.o)
                0x0000241c                vPortFree
 .text.xIOUtilsReceiveCharsFromRxQueue
                0x0000248c       0x78 O:\good version\DFRobotRTOS_T2_S1\LibFreeRTOS\Debug\libLibFreeRTOS.a(FreeRTOS_IOUtilsCharQueueTxAndRx.o)
                0x0000248c                xIOUtilsReceiveCharsFromRxQueue
 .text.xIOUtilsReadCharsFromCircularBuffer
                0x00002504      0x100 O:\good version\DFRobotRTOS_T2_S1\LibFreeRTOS\Debug\libLibFreeRTOS.a(FreeRTOS_IOUtilsCircularBufferRx.o)
                0x00002504                xIOUtilsReadCharsFromCircularBuffer
 .text.xIOUtilsGetZeroCopyWriteMutex
                0x00002604       0x60 O:\good version\DFRobotRTOS_T2_S1\LibFreeRTOS\Debug\libLibFreeRTOS.a(FreeRTOS_IOUtilsZeroCopyTx.o)
                0x00002604                xIOUtilsGetZeroCopyWriteMutex
 .text.pxPortInitialiseStack
                0x00002664       0x54 O:\good version\DFRobotRTOS_T2_S1\LibFreeRTOS\Debug\libLibFreeRTOS.a(FreeRTOS_Port.o)
                0x00002664                pxPortInitialiseStack
 .text.SVCall_Handler
                0x000026b8       0x20 O:\good version\DFRobotRTOS_T2_S1\LibFreeRTOS\Debug\libLibFreeRTOS.a(FreeRTOS_Port.o)
                0x000026b8                SVCall_Handler
 .text.vPortStartFirstTask
                0x000026d8       0x14 O:\good version\DFRobotRTOS_T2_S1\LibFreeRTOS\Debug\libLibFreeRTOS.a(FreeRTOS_Port.o)
                0x000026d8                vPortStartFirstTask
 .text.xPortStartScheduler
                0x000026ec       0x38 O:\good version\DFRobotRTOS_T2_S1\LibFreeRTOS\Debug\libLibFreeRTOS.a(FreeRTOS_Port.o)
                0x000026ec                xPortStartScheduler
 .text.vPortYieldFromISR
                0x00002724       0x18 O:\good version\DFRobotRTOS_T2_S1\LibFreeRTOS\Debug\libLibFreeRTOS.a(FreeRTOS_Port.o)
                0x00002724                vPortYieldFromISR
 .text.vPortEnterCritical
                0x0000273c       0x24 O:\good version\DFRobotRTOS_T2_S1\LibFreeRTOS\Debug\libLibFreeRTOS.a(FreeRTOS_Port.o)
                0x0000273c                vPortEnterCritical
 .text.vPortExitCritical
                0x00002760       0x2c O:\good version\DFRobotRTOS_T2_S1\LibFreeRTOS\Debug\libLibFreeRTOS.a(FreeRTOS_Port.o)
                0x00002760                vPortExitCritical
 .text.PendSV_Handler
                0x0000278c       0x3c O:\good version\DFRobotRTOS_T2_S1\LibFreeRTOS\Debug\libLibFreeRTOS.a(FreeRTOS_Port.o)
                0x0000278c                PendSV_Handler
 .text.SysTick_Handler
                0x000027c8       0x30 O:\good version\DFRobotRTOS_T2_S1\LibFreeRTOS\Debug\libLibFreeRTOS.a(FreeRTOS_Port.o)
                0x000027c8                SysTick_Handler
 .text.prvSetupTimerInterrupt
                0x000027f8       0x34 O:\good version\DFRobotRTOS_T2_S1\LibFreeRTOS\Debug\libLibFreeRTOS.a(FreeRTOS_Port.o)
 .text.xQueueGenericReset
                0x0000282c       0xac O:\good version\DFRobotRTOS_T2_S1\LibFreeRTOS\Debug\libLibFreeRTOS.a(FreeRTOS_Queue.o)
                0x0000282c                xQueueGenericReset
 .text.xQueueGenericCreate
                0x000028d8       0x88 O:\good version\DFRobotRTOS_T2_S1\LibFreeRTOS\Debug\libLibFreeRTOS.a(FreeRTOS_Queue.o)
                0x000028d8                xQueueGenericCreate
 .text.xQueueCreateMutex
                0x00002960       0x94 O:\good version\DFRobotRTOS_T2_S1\LibFreeRTOS\Debug\libLibFreeRTOS.a(FreeRTOS_Queue.o)
                0x00002960                xQueueCreateMutex
 .text.xQueueGetMutexHolder
                0x000029f4       0x2c O:\good version\DFRobotRTOS_T2_S1\LibFreeRTOS\Debug\libLibFreeRTOS.a(FreeRTOS_Queue.o)
                0x000029f4                xQueueGetMutexHolder
 .text.xQueueGenericSend
                0x00002a20      0x140 O:\good version\DFRobotRTOS_T2_S1\LibFreeRTOS\Debug\libLibFreeRTOS.a(FreeRTOS_Queue.o)
                0x00002a20                xQueueGenericSend
 .text.xQueueGenericSendFromISR
                0x00002b60       0xc4 O:\good version\DFRobotRTOS_T2_S1\LibFreeRTOS\Debug\libLibFreeRTOS.a(FreeRTOS_Queue.o)
                0x00002b60                xQueueGenericSendFromISR
 .text.xQueueGenericReceive
                0x00002c24      0x1a0 O:\good version\DFRobotRTOS_T2_S1\LibFreeRTOS\Debug\libLibFreeRTOS.a(FreeRTOS_Queue.o)
                0x00002c24                xQueueGenericReceive
 .text.xQueueReceiveFromISR
                0x00002dc4       0xc4 O:\good version\DFRobotRTOS_T2_S1\LibFreeRTOS\Debug\libLibFreeRTOS.a(FreeRTOS_Queue.o)
                0x00002dc4                xQueueReceiveFromISR
 .text.vQueueDelete
                0x00002e88       0x34 O:\good version\DFRobotRTOS_T2_S1\LibFreeRTOS\Debug\libLibFreeRTOS.a(FreeRTOS_Queue.o)
                0x00002e88                vQueueDelete
 .text.prvCopyDataToQueue
                0x00002ebc       0xb8 O:\good version\DFRobotRTOS_T2_S1\LibFreeRTOS\Debug\libLibFreeRTOS.a(FreeRTOS_Queue.o)
 .text.prvCopyDataFromQueue
                0x00002f74       0x4c O:\good version\DFRobotRTOS_T2_S1\LibFreeRTOS\Debug\libLibFreeRTOS.a(FreeRTOS_Queue.o)
 .text.prvUnlockQueue
                0x00002fc0       0x98 O:\good version\DFRobotRTOS_T2_S1\LibFreeRTOS\Debug\libLibFreeRTOS.a(FreeRTOS_Queue.o)
 .text.prvIsQueueEmpty
                0x00003058       0x2c O:\good version\DFRobotRTOS_T2_S1\LibFreeRTOS\Debug\libLibFreeRTOS.a(FreeRTOS_Queue.o)
 .text.prvIsQueueFull
                0x00003084       0x30 O:\good version\DFRobotRTOS_T2_S1\LibFreeRTOS\Debug\libLibFreeRTOS.a(FreeRTOS_Queue.o)
 .text.vQueueUnregisterQueue
                0x000030b4       0x44 O:\good version\DFRobotRTOS_T2_S1\LibFreeRTOS\Debug\libLibFreeRTOS.a(FreeRTOS_Queue.o)
 .text.vQueueWaitForMessageRestricted
                0x000030f8       0x54 O:\good version\DFRobotRTOS_T2_S1\LibFreeRTOS\Debug\libLibFreeRTOS.a(FreeRTOS_Queue.o)
                0x000030f8                vQueueWaitForMessageRestricted
 .text.xTaskGenericCreate
                0x0000314c      0x1a4 O:\good version\DFRobotRTOS_T2_S1\LibFreeRTOS\Debug\libLibFreeRTOS.a(FreeRTOS_Tasks.o)
                0x0000314c                xTaskGenericCreate
 .text.vTaskDelayUntil
                0x000032f0       0xb8 O:\good version\DFRobotRTOS_T2_S1\LibFreeRTOS\Debug\libLibFreeRTOS.a(FreeRTOS_Tasks.o)
                0x000032f0                vTaskDelayUntil
 .text.vTaskDelay
                0x000033a8       0x50 O:\good version\DFRobotRTOS_T2_S1\LibFreeRTOS\Debug\libLibFreeRTOS.a(FreeRTOS_Tasks.o)
                0x000033a8                vTaskDelay
 .text.vTaskStartScheduler
                0x000033f8       0x74 O:\good version\DFRobotRTOS_T2_S1\LibFreeRTOS\Debug\libLibFreeRTOS.a(FreeRTOS_Tasks.o)
                0x000033f8                vTaskStartScheduler
 .text.vTaskSuspendAll
                0x0000346c       0x1c O:\good version\DFRobotRTOS_T2_S1\LibFreeRTOS\Debug\libLibFreeRTOS.a(FreeRTOS_Tasks.o)
                0x0000346c                vTaskSuspendAll
 .text.xTaskResumeAll
                0x00003488      0x108 O:\good version\DFRobotRTOS_T2_S1\LibFreeRTOS\Debug\libLibFreeRTOS.a(FreeRTOS_Tasks.o)
                0x00003488                xTaskResumeAll
 .text.xTaskGetTickCount
                0x00003590       0x24 O:\good version\DFRobotRTOS_T2_S1\LibFreeRTOS\Debug\libLibFreeRTOS.a(FreeRTOS_Tasks.o)
                0x00003590                xTaskGetTickCount
 .text.vTaskIncrementTick
                0x000035b4      0x140 O:\good version\DFRobotRTOS_T2_S1\LibFreeRTOS\Debug\libLibFreeRTOS.a(FreeRTOS_Tasks.o)
                0x000035b4                vTaskIncrementTick
 .text.vTaskSwitchContext
                0x000036f4       0xf0 O:\good version\DFRobotRTOS_T2_S1\LibFreeRTOS\Debug\libLibFreeRTOS.a(FreeRTOS_Tasks.o)
                0x000036f4                vTaskSwitchContext
 .text.vTaskPlaceOnEventList
                0x000037e4       0x70 O:\good version\DFRobotRTOS_T2_S1\LibFreeRTOS\Debug\libLibFreeRTOS.a(FreeRTOS_Tasks.o)
                0x000037e4                vTaskPlaceOnEventList
 .text.vTaskPlaceOnEventListRestricted
                0x00003854       0x54 O:\good version\DFRobotRTOS_T2_S1\LibFreeRTOS\Debug\libLibFreeRTOS.a(FreeRTOS_Tasks.o)
                0x00003854                vTaskPlaceOnEventListRestricted
 .text.xTaskRemoveFromEventList
                0x000038a8       0xb0 O:\good version\DFRobotRTOS_T2_S1\LibFreeRTOS\Debug\libLibFreeRTOS.a(FreeRTOS_Tasks.o)
                0x000038a8                xTaskRemoveFromEventList
 .text.vTaskSetTimeOutState
                0x00003958       0x3c O:\good version\DFRobotRTOS_T2_S1\LibFreeRTOS\Debug\libLibFreeRTOS.a(FreeRTOS_Tasks.o)
                0x00003958                vTaskSetTimeOutState
 .text.xTaskCheckForTimeOut
                0x00003994       0xa8 O:\good version\DFRobotRTOS_T2_S1\LibFreeRTOS\Debug\libLibFreeRTOS.a(FreeRTOS_Tasks.o)
                0x00003994                xTaskCheckForTimeOut
 .text.vTaskMissedYield
                0x00003a3c       0x18 O:\good version\DFRobotRTOS_T2_S1\LibFreeRTOS\Debug\libLibFreeRTOS.a(FreeRTOS_Tasks.o)
                0x00003a3c                vTaskMissedYield
 .text.prvIdleTask
                0x00003a54       0x10 O:\good version\DFRobotRTOS_T2_S1\LibFreeRTOS\Debug\libLibFreeRTOS.a(FreeRTOS_Tasks.o)
 .text.prvInitialiseTCBVariables
                0x00003a64       0x6c O:\good version\DFRobotRTOS_T2_S1\LibFreeRTOS\Debug\libLibFreeRTOS.a(FreeRTOS_Tasks.o)
 .text.prvInitialiseTaskLists
                0x00003ad0       0x7c O:\good version\DFRobotRTOS_T2_S1\LibFreeRTOS\Debug\libLibFreeRTOS.a(FreeRTOS_Tasks.o)
 .text.prvCheckTasksWaitingTermination
                0x00003b4c       0x74 O:\good version\DFRobotRTOS_T2_S1\LibFreeRTOS\Debug\libLibFreeRTOS.a(FreeRTOS_Tasks.o)
 .text.prvAddCurrentTaskToDelayedList
                0x00003bc0       0x6c O:\good version\DFRobotRTOS_T2_S1\LibFreeRTOS\Debug\libLibFreeRTOS.a(FreeRTOS_Tasks.o)
 .text.prvAllocateTCBAndStack
                0x00003c2c       0x64 O:\good version\DFRobotRTOS_T2_S1\LibFreeRTOS\Debug\libLibFreeRTOS.a(FreeRTOS_Tasks.o)
 .text.prvDeleteTCB
                0x00003c90       0x20 O:\good version\DFRobotRTOS_T2_S1\LibFreeRTOS\Debug\libLibFreeRTOS.a(FreeRTOS_Tasks.o)
 .text.xTaskGetCurrentTaskHandle
                0x00003cb0       0x20 O:\good version\DFRobotRTOS_T2_S1\LibFreeRTOS\Debug\libLibFreeRTOS.a(FreeRTOS_Tasks.o)
                0x00003cb0                xTaskGetCurrentTaskHandle
 .text.xTaskGetSchedulerState
                0x00003cd0       0x3c O:\good version\DFRobotRTOS_T2_S1\LibFreeRTOS\Debug\libLibFreeRTOS.a(FreeRTOS_Tasks.o)
                0x00003cd0                xTaskGetSchedulerState
 .text.vTaskPriorityInherit
                0x00003d0c       0xb4 O:\good version\DFRobotRTOS_T2_S1\LibFreeRTOS\Debug\libLibFreeRTOS.a(FreeRTOS_Tasks.o)
                0x00003d0c                vTaskPriorityInherit
 .text.vTaskPriorityDisinherit
                0x00003dc0       0x7c O:\good version\DFRobotRTOS_T2_S1\LibFreeRTOS\Debug\libLibFreeRTOS.a(FreeRTOS_Tasks.o)
                0x00003dc0                vTaskPriorityDisinherit
 .text.xTimerCreateTimerTask
                0x00003e3c       0x5c O:\good version\DFRobotRTOS_T2_S1\LibFreeRTOS\Debug\libLibFreeRTOS.a(FreeRTOS_Timers.o)
                0x00003e3c                xTimerCreateTimerTask
 .text.xTimerCreate
                0x00003e98       0x6c O:\good version\DFRobotRTOS_T2_S1\LibFreeRTOS\Debug\libLibFreeRTOS.a(FreeRTOS_Timers.o)
                0x00003e98                xTimerCreate
 .text.xTimerGenericCommand
                0x00003f04       0x8c O:\good version\DFRobotRTOS_T2_S1\LibFreeRTOS\Debug\libLibFreeRTOS.a(FreeRTOS_Timers.o)
                0x00003f04                xTimerGenericCommand
 .text.prvProcessExpiredTimer
                0x00003f90       0x74 O:\good version\DFRobotRTOS_T2_S1\LibFreeRTOS\Debug\libLibFreeRTOS.a(FreeRTOS_Timers.o)
 .text.prvTimerTask
                0x00004004       0x24 O:\good version\DFRobotRTOS_T2_S1\LibFreeRTOS\Debug\libLibFreeRTOS.a(FreeRTOS_Timers.o)
 .text.prvProcessTimerOrBlockTask
                0x00004028       0x6c O:\good version\DFRobotRTOS_T2_S1\LibFreeRTOS\Debug\libLibFreeRTOS.a(FreeRTOS_Timers.o)
 .text.prvGetNextExpireTime
                0x00004094       0x48 O:\good version\DFRobotRTOS_T2_S1\LibFreeRTOS\Debug\libLibFreeRTOS.a(FreeRTOS_Timers.o)
 .text.prvSampleTimeNow
                0x000040dc       0x44 O:\good version\DFRobotRTOS_T2_S1\LibFreeRTOS\Debug\libLibFreeRTOS.a(FreeRTOS_Timers.o)
 .text.prvInsertTimerInActiveList
                0x00004120       0x84 O:\good version\DFRobotRTOS_T2_S1\LibFreeRTOS\Debug\libLibFreeRTOS.a(FreeRTOS_Timers.o)
 .text.prvProcessReceivedCommands
                0x000041a4       0xfc O:\good version\DFRobotRTOS_T2_S1\LibFreeRTOS\Debug\libLibFreeRTOS.a(FreeRTOS_Timers.o)
 .text.prvSwitchTimerLists
                0x000042a0       0xb8 O:\good version\DFRobotRTOS_T2_S1\LibFreeRTOS\Debug\libLibFreeRTOS.a(FreeRTOS_Timers.o)
 .text.prvCheckForValidListAndQueue
                0x00004358       0x54 O:\good version\DFRobotRTOS_T2_S1\LibFreeRTOS\Debug\libLibFreeRTOS.a(FreeRTOS_Timers.o)
 .text.vFreeRTOS_lpc17xx_PopulateFunctionPointers
                0x000043ac       0x58 O:\good version\DFRobotRTOS_T2_S1\LibFreeRTOS\Debug\libLibFreeRTOS.a(LPC17xx_DriverInterface.o)
                0x000043ac                vFreeRTOS_lpc17xx_PopulateFunctionPointers
 .text.NVIC_DisableIRQ
                0x00004404       0x34 O:\good version\DFRobotRTOS_T2_S1\LibFreeRTOS\Debug\libLibFreeRTOS.a(FreeRTOS_I2C.o)
 .text.NVIC_ClearPendingIRQ
                0x00004438       0x34 O:\good version\DFRobotRTOS_T2_S1\LibFreeRTOS\Debug\libLibFreeRTOS.a(FreeRTOS_I2C.o)
 .text.NVIC_SetPriority
                0x0000446c       0x54 O:\good version\DFRobotRTOS_T2_S1\LibFreeRTOS\Debug\libLibFreeRTOS.a(FreeRTOS_I2C.o)
 .text.FreeRTOS_I2C_open
                0x000044c0      0x15c O:\good version\DFRobotRTOS_T2_S1\LibFreeRTOS\Debug\libLibFreeRTOS.a(FreeRTOS_I2C.o)
                0x000044c0                FreeRTOS_I2C_open
 .text.FreeRTOS_I2C_write
                0x0000461c      0x198 O:\good version\DFRobotRTOS_T2_S1\LibFreeRTOS\Debug\libLibFreeRTOS.a(FreeRTOS_I2C.o)
                0x0000461c                FreeRTOS_I2C_write
 .text.FreeRTOS_I2C_read
                0x000047b4      0x1a8 O:\good version\DFRobotRTOS_T2_S1\LibFreeRTOS\Debug\libLibFreeRTOS.a(FreeRTOS_I2C.o)
                0x000047b4                FreeRTOS_I2C_read
 .text.FreeRTOS_I2C_ioctl
                0x0000495c      0x10c O:\good version\DFRobotRTOS_T2_S1\LibFreeRTOS\Debug\libLibFreeRTOS.a(FreeRTOS_I2C.o)
                0x0000495c                FreeRTOS_I2C_ioctl
 .text.I2C2_IRQHandler
                0x00004a68      0x29c O:\good version\DFRobotRTOS_T2_S1\LibFreeRTOS\Debug\libLibFreeRTOS.a(FreeRTOS_I2C.o)
                0x00004a68                I2C2_IRQHandler
 .text.vIOUtilsCreateTransferControlStructure
                0x00004d04       0xb4 O:\good version\DFRobotRTOS_T2_S1\LibFreeRTOS\Debug\libLibFreeRTOS.a(FreeRTOS_IOUtils.o)
                0x00004d04                vIOUtilsCreateTransferControlStructure
 .text.vListInitialise
                0x00004db8       0x40 O:\good version\DFRobotRTOS_T2_S1\LibFreeRTOS\Debug\libLibFreeRTOS.a(FreeRTOS_List.o)
                0x00004db8                vListInitialise
 .text.vListInitialiseItem
                0x00004df8       0x18 O:\good version\DFRobotRTOS_T2_S1\LibFreeRTOS\Debug\libLibFreeRTOS.a(FreeRTOS_List.o)
                0x00004df8                vListInitialiseItem
 .text.vListInsertEnd
                0x00004e10       0x50 O:\good version\DFRobotRTOS_T2_S1\LibFreeRTOS\Debug\libLibFreeRTOS.a(FreeRTOS_List.o)
                0x00004e10                vListInsertEnd
 .text.vListInsert
                0x00004e60       0x70 O:\good version\DFRobotRTOS_T2_S1\LibFreeRTOS\Debug\libLibFreeRTOS.a(FreeRTOS_List.o)
                0x00004e60                vListInsert
 .text.vListRemove
                0x00004ed0       0x50 O:\good version\DFRobotRTOS_T2_S1\LibFreeRTOS\Debug\libLibFreeRTOS.a(FreeRTOS_List.o)
                0x00004ed0                vListRemove
 .text.NVIC_EnableIRQ
                0x00004f20       0x30 O:\good version\DFRobotRTOS_T2_S1\LibFreeRTOS\Debug\libLibFreeRTOS.a(FreeRTOS_SSP.o)
 .text.NVIC_DisableIRQ
                0x00004f50       0x34 O:\good version\DFRobotRTOS_T2_S1\LibFreeRTOS\Debug\libLibFreeRTOS.a(FreeRTOS_SSP.o)
 .text.NVIC_SetPriority
                0x00004f84       0x54 O:\good version\DFRobotRTOS_T2_S1\LibFreeRTOS\Debug\libLibFreeRTOS.a(FreeRTOS_SSP.o)
 .text.FreeRTOS_SSP_open
                0x00004fd8      0x198 O:\good version\DFRobotRTOS_T2_S1\LibFreeRTOS\Debug\libLibFreeRTOS.a(FreeRTOS_SSP.o)
                0x00004fd8                FreeRTOS_SSP_open
 .text.FreeRTOS_SSP_write
                0x00005170       0xb8 O:\good version\DFRobotRTOS_T2_S1\LibFreeRTOS\Debug\libLibFreeRTOS.a(FreeRTOS_SSP.o)
                0x00005170                FreeRTOS_SSP_write
 .text.FreeRTOS_SSP_read
                0x00005228       0xa4 O:\good version\DFRobotRTOS_T2_S1\LibFreeRTOS\Debug\libLibFreeRTOS.a(FreeRTOS_SSP.o)
                0x00005228                FreeRTOS_SSP_read
 .text.FreeRTOS_SSP_ioctl
                0x000052cc      0x1d8 O:\good version\DFRobotRTOS_T2_S1\LibFreeRTOS\Debug\libLibFreeRTOS.a(FreeRTOS_SSP.o)
                0x000052cc                FreeRTOS_SSP_ioctl
 .text.SSP1_IRQHandler
                0x000054a4      0x12c O:\good version\DFRobotRTOS_T2_S1\LibFreeRTOS\Debug\libLibFreeRTOS.a(FreeRTOS_SSP.o)
                0x000054a4                SSP1_IRQHandler
 .text.NVIC_EnableIRQ
                0x000055d0       0x30 O:\good version\DFRobotRTOS_T2_S1\LibFreeRTOS\Debug\libLibFreeRTOS.a(FreeRTOS_UART.o)
 .text.NVIC_DisableIRQ
                0x00005600       0x34 O:\good version\DFRobotRTOS_T2_S1\LibFreeRTOS\Debug\libLibFreeRTOS.a(FreeRTOS_UART.o)
 .text.NVIC_SetPriority
                0x00005634       0x54 O:\good version\DFRobotRTOS_T2_S1\LibFreeRTOS\Debug\libLibFreeRTOS.a(FreeRTOS_UART.o)
 .text.FreeRTOS_UART_open
                0x00005688       0xd0 O:\good version\DFRobotRTOS_T2_S1\LibFreeRTOS\Debug\libLibFreeRTOS.a(FreeRTOS_UART.o)
                0x00005688                FreeRTOS_UART_open
 .text.FreeRTOS_UART_write
                0x00005758      0x1cc O:\good version\DFRobotRTOS_T2_S1\LibFreeRTOS\Debug\libLibFreeRTOS.a(FreeRTOS_UART.o)
                0x00005758                FreeRTOS_UART_write
 .text.FreeRTOS_UART_read
                0x00005924      0x10c O:\good version\DFRobotRTOS_T2_S1\LibFreeRTOS\Debug\libLibFreeRTOS.a(FreeRTOS_UART.o)
                0x00005924                FreeRTOS_UART_read
 .text.prvFillFifoFromBuffer
                0x00005a30       0x58 O:\good version\DFRobotRTOS_T2_S1\LibFreeRTOS\Debug\libLibFreeRTOS.a(FreeRTOS_UART.o)
 .text.FreeRTOS_UART_ioctl
                0x00005a88      0x10c O:\good version\DFRobotRTOS_T2_S1\LibFreeRTOS\Debug\libLibFreeRTOS.a(FreeRTOS_UART.o)
                0x00005a88                FreeRTOS_UART_ioctl
 .text.UART3_IRQHandler
                0x00005b94      0x238 O:\good version\DFRobotRTOS_T2_S1\LibFreeRTOS\Debug\libLibFreeRTOS.a(FreeRTOS_UART.o)
                0x00005b94                UART3_IRQHandler
 .text.CLKPWR_SetPCLKDiv
                0x00005dcc       0x8c O:\good version\DFRobotRTOS_T2_S1\LibLPC17xx\Debug\libLibLPC17xx.a(LPC17xx_ClockPower.o)
                0x00005dcc                CLKPWR_SetPCLKDiv
 .text.CLKPWR_GetPCLKSEL
                0x00005e58       0x4c O:\good version\DFRobotRTOS_T2_S1\LibLPC17xx\Debug\libLibLPC17xx.a(LPC17xx_ClockPower.o)
                0x00005e58                CLKPWR_GetPCLKSEL
 .text.CLKPWR_GetPCLK
                0x00005ea4       0x64 O:\good version\DFRobotRTOS_T2_S1\LibLPC17xx\Debug\libLibLPC17xx.a(LPC17xx_ClockPower.o)
                0x00005ea4                CLKPWR_GetPCLK
 .text.CLKPWR_ConfigPPWR
                0x00005f08       0x58 O:\good version\DFRobotRTOS_T2_S1\LibLPC17xx\Debug\libLibLPC17xx.a(LPC17xx_ClockPower.o)
                0x00005f08                CLKPWR_ConfigPPWR
 .text.check_failed
                0x00005f60        0xc O:\good version\DFRobotRTOS_T2_S1\LibLPC17xx\Debug\libLibLPC17xx.a(LPC17xx_Config.o)
                0x00005f60                check_failed
 .text.DAC_Init
                0x00005f6c       0x30 O:\good version\DFRobotRTOS_T2_S1\LibLPC17xx\Debug\libLibLPC17xx.a(LPC17xx_DAC.o)
                0x00005f6c                DAC_Init
 .text.DAC_UpdateValue
                0x00005f9c       0x44 O:\good version\DFRobotRTOS_T2_S1\LibLPC17xx\Debug\libLibLPC17xx.a(LPC17xx_DAC.o)
                0x00005f9c                DAC_UpdateValue
 .text.DAC_SetBias
                0x00005fe0       0x48 O:\good version\DFRobotRTOS_T2_S1\LibLPC17xx\Debug\libLibLPC17xx.a(LPC17xx_DAC.o)
                0x00005fe0                DAC_SetBias
 .text.GPIO_GetPointer
                0x00006028       0x74 O:\good version\DFRobotRTOS_T2_S1\LibLPC17xx\Debug\libLibLPC17xx.a(LPC17xx_GPIO.o)
 .text.GPIO_SetDir
                0x0000609c       0x48 O:\good version\DFRobotRTOS_T2_S1\LibLPC17xx\Debug\libLibLPC17xx.a(LPC17xx_GPIO.o)
                0x0000609c                GPIO_SetDir
 .text.GPIO_SetValue
                0x000060e4       0x28 O:\good version\DFRobotRTOS_T2_S1\LibLPC17xx\Debug\libLibLPC17xx.a(LPC17xx_GPIO.o)
                0x000060e4                GPIO_SetValue
 .text.GPIO_ClearValue
                0x0000610c       0x28 O:\good version\DFRobotRTOS_T2_S1\LibLPC17xx\Debug\libLibLPC17xx.a(LPC17xx_GPIO.o)
                0x0000610c                GPIO_ClearValue
 .text.GPIO_IntCmd
                0x00006134       0x70 O:\good version\DFRobotRTOS_T2_S1\LibLPC17xx\Debug\libLibLPC17xx.a(LPC17xx_GPIO.o)
                0x00006134                GPIO_IntCmd
 .text.GPIO_ClearInt
                0x000061a4       0x38 O:\good version\DFRobotRTOS_T2_S1\LibLPC17xx\Debug\libLibLPC17xx.a(LPC17xx_GPIO.o)
                0x000061a4                GPIO_ClearInt
 .text.NVIC_EnableIRQ
                0x000061dc       0x30 O:\good version\DFRobotRTOS_T2_S1\LibLPC17xx\Debug\libLibLPC17xx.a(LPC17xx_I2C.o)
 .text.NVIC_DisableIRQ
                0x0000620c       0x34 O:\good version\DFRobotRTOS_T2_S1\LibLPC17xx\Debug\libLibLPC17xx.a(LPC17xx_I2C.o)
 .text.I2C_getNum
                0x00006240       0x48 O:\good version\DFRobotRTOS_T2_S1\LibLPC17xx\Debug\libLibLPC17xx.a(LPC17xx_I2C.o)
 .text.I2C_Start
                0x00006288       0x3c O:\good version\DFRobotRTOS_T2_S1\LibLPC17xx\Debug\libLibLPC17xx.a(LPC17xx_I2C.o)
                0x00006288                I2C_Start
 .text.I2C_Stop
                0x000062c4       0x30 O:\good version\DFRobotRTOS_T2_S1\LibLPC17xx\Debug\libLibLPC17xx.a(LPC17xx_I2C.o)
                0x000062c4                I2C_Stop
 .text.I2C_SendByte
                0x000062f4       0x6c O:\good version\DFRobotRTOS_T2_S1\LibLPC17xx\Debug\libLibLPC17xx.a(LPC17xx_I2C.o)
 .text.I2C_GetByte
                0x00006360       0x48 O:\good version\DFRobotRTOS_T2_S1\LibLPC17xx\Debug\libLibLPC17xx.a(LPC17xx_I2C.o)
 .text.I2C_SetClock
                0x000063a8       0xa4 O:\good version\DFRobotRTOS_T2_S1\LibLPC17xx\Debug\libLibLPC17xx.a(LPC17xx_I2C.o)
                0x000063a8                I2C_SetClock
 .text.I2C_Init
                0x0000644c       0xa4 O:\good version\DFRobotRTOS_T2_S1\LibLPC17xx\Debug\libLibLPC17xx.a(LPC17xx_I2C.o)
                0x0000644c                I2C_Init
 .text.I2C_Cmd  0x000064f0       0x80 O:\good version\DFRobotRTOS_T2_S1\LibLPC17xx\Debug\libLibLPC17xx.a(LPC17xx_I2C.o)
                0x000064f0                I2C_Cmd
 .text.I2C_IntCmd
                0x00006570       0x84 O:\good version\DFRobotRTOS_T2_S1\LibLPC17xx\Debug\libLibLPC17xx.a(LPC17xx_I2C.o)
                0x00006570                I2C_IntCmd
 .text.I2C_MasterHanleStates
                0x000065f4      0x2fc O:\good version\DFRobotRTOS_T2_S1\LibLPC17xx\Debug\libLibLPC17xx.a(LPC17xx_I2C.o)
                0x000065f4                I2C_MasterHanleStates
 .text.I2C_MasterTransferData
                0x000068f0      0x130 O:\good version\DFRobotRTOS_T2_S1\LibLPC17xx\Debug\libLibLPC17xx.a(LPC17xx_I2C.o)
                0x000068f0                I2C_MasterTransferData
 .text.set_PinFunc
                0x00006a20       0x80 O:\good version\DFRobotRTOS_T2_S1\LibLPC17xx\Debug\libLibLPC17xx.a(LPC17xx_PinSelect.o)
 .text.set_ResistorMode
                0x00006aa0       0x80 O:\good version\DFRobotRTOS_T2_S1\LibLPC17xx\Debug\libLibLPC17xx.a(LPC17xx_PinSelect.o)
 .text.set_OpenDrainMode
                0x00006b20       0x6c O:\good version\DFRobotRTOS_T2_S1\LibLPC17xx\Debug\libLibLPC17xx.a(LPC17xx_PinSelect.o)
 .text.PINSEL_ConfigPin
                0x00006b8c       0x50 O:\good version\DFRobotRTOS_T2_S1\LibLPC17xx\Debug\libLibLPC17xx.a(LPC17xx_PinSelect.o)
                0x00006b8c                PINSEL_ConfigPin
 .text.setSSPclock
                0x00006bdc       0xc4 O:\good version\DFRobotRTOS_T2_S1\LibLPC17xx\Debug\libLibLPC17xx.a(LPC17xx_SSP.o)
 .text.SSP_Init
                0x00006ca0       0x9c O:\good version\DFRobotRTOS_T2_S1\LibLPC17xx\Debug\libLibLPC17xx.a(LPC17xx_SSP.o)
                0x00006ca0                SSP_Init
 .text.SSP_DeInit
                0x00006d3c       0x58 O:\good version\DFRobotRTOS_T2_S1\LibLPC17xx\Debug\libLibLPC17xx.a(LPC17xx_SSP.o)
                0x00006d3c                SSP_DeInit
 .text.SSP_GetDataSize
                0x00006d94       0x40 O:\good version\DFRobotRTOS_T2_S1\LibLPC17xx\Debug\libLibLPC17xx.a(LPC17xx_SSP.o)
                0x00006d94                SSP_GetDataSize
 .text.SSP_ConfigStructInit
                0x00006dd4       0x3c O:\good version\DFRobotRTOS_T2_S1\LibLPC17xx\Debug\libLibLPC17xx.a(LPC17xx_SSP.o)
                0x00006dd4                SSP_ConfigStructInit
 .text.SSP_Cmd  0x00006e10       0x6c O:\good version\DFRobotRTOS_T2_S1\LibLPC17xx\Debug\libLibLPC17xx.a(LPC17xx_SSP.o)
                0x00006e10                SSP_Cmd
 .text.SSP_SendData
                0x00006e7c       0x40 O:\good version\DFRobotRTOS_T2_S1\LibLPC17xx\Debug\libLibLPC17xx.a(LPC17xx_SSP.o)
                0x00006e7c                SSP_SendData
 .text.SSP_ReceiveData
                0x00006ebc       0x3c O:\good version\DFRobotRTOS_T2_S1\LibLPC17xx\Debug\libLibLPC17xx.a(LPC17xx_SSP.o)
                0x00006ebc                SSP_ReceiveData
 .text.SSP_ReadWrite
                0x00006ef8      0x364 O:\good version\DFRobotRTOS_T2_S1\LibLPC17xx\Debug\libLibLPC17xx.a(LPC17xx_SSP.o)
                0x00006ef8                SSP_ReadWrite
 .text.SSP_IntConfig
                0x0000725c       0x60 O:\good version\DFRobotRTOS_T2_S1\LibLPC17xx\Debug\libLibLPC17xx.a(LPC17xx_SSP.o)
                0x0000725c                SSP_IntConfig
 .text.getPClock
                0x000072bc       0x5c O:\good version\DFRobotRTOS_T2_S1\LibLPC17xx\Debug\libLibLPC17xx.a(LPC17xx_Timer.o)
 .text.converUSecToVal
                0x00007318       0x60 O:\good version\DFRobotRTOS_T2_S1\LibLPC17xx\Debug\libLibLPC17xx.a(LPC17xx_Timer.o)
 .text.converPtrToTimeNum
                0x00007378       0x60 O:\good version\DFRobotRTOS_T2_S1\LibLPC17xx\Debug\libLibLPC17xx.a(LPC17xx_Timer.o)
 .text.TIM_ClearIntPending
                0x000073d8       0x84 O:\good version\DFRobotRTOS_T2_S1\LibLPC17xx\Debug\libLibLPC17xx.a(LPC17xx_Timer.o)
                0x000073d8                TIM_ClearIntPending
 .text.TIM_Init
                0x0000745c      0x180 O:\good version\DFRobotRTOS_T2_S1\LibLPC17xx\Debug\libLibLPC17xx.a(LPC17xx_Timer.o)
                0x0000745c                TIM_Init
 .text.TIM_Cmd  0x000075dc       0x6c O:\good version\DFRobotRTOS_T2_S1\LibLPC17xx\Debug\libLibLPC17xx.a(LPC17xx_Timer.o)
                0x000075dc                TIM_Cmd
 .text.TIM_ResetCounter
                0x00007648       0x60 O:\good version\DFRobotRTOS_T2_S1\LibLPC17xx\Debug\libLibLPC17xx.a(LPC17xx_Timer.o)
                0x00007648                TIM_ResetCounter
 .text.TIM_ConfigMatch
                0x000076a8      0x184 O:\good version\DFRobotRTOS_T2_S1\LibLPC17xx\Debug\libLibLPC17xx.a(LPC17xx_Timer.o)
                0x000076a8                TIM_ConfigMatch
 .text.uart_set_divisors
                0x0000782c      0x2b0 O:\good version\DFRobotRTOS_T2_S1\LibLPC17xx\Debug\libLibLPC17xx.a(LPC17xx_UART.o)
 .text.UART_Init
                0x00007adc      0x2e4 O:\good version\DFRobotRTOS_T2_S1\LibLPC17xx\Debug\libLibLPC17xx.a(LPC17xx_UART.o)
                0x00007adc                UART_Init
 .text.UART_SendByte
                0x00007dc0       0x68 O:\good version\DFRobotRTOS_T2_S1\LibLPC17xx\Debug\libLibLPC17xx.a(LPC17xx_UART.o)
                0x00007dc0                UART_SendByte
 .text.UART_ReceiveByte
                0x00007e28       0x64 O:\good version\DFRobotRTOS_T2_S1\LibLPC17xx\Debug\libLibLPC17xx.a(LPC17xx_UART.o)
                0x00007e28                UART_ReceiveByte
 .text.UART_Send
                0x00007e8c       0xe8 O:\good version\DFRobotRTOS_T2_S1\LibLPC17xx\Debug\libLibLPC17xx.a(LPC17xx_UART.o)
                0x00007e8c                UART_Send
 .text.UART_Receive
                0x00007f74       0xb8 O:\good version\DFRobotRTOS_T2_S1\LibLPC17xx\Debug\libLibLPC17xx.a(LPC17xx_UART.o)
                0x00007f74                UART_Receive
 .text.UART_IntConfig
                0x0000802c      0x188 O:\good version\DFRobotRTOS_T2_S1\LibLPC17xx\Debug\libLibLPC17xx.a(LPC17xx_UART.o)
                0x0000802c                UART_IntConfig
 .text.UART_GetIntId
                0x000081b4       0x58 O:\good version\DFRobotRTOS_T2_S1\LibLPC17xx\Debug\libLibLPC17xx.a(LPC17xx_UART.o)
                0x000081b4                UART_GetIntId
 .text.UART_CheckBusy
                0x0000820c       0x28 O:\good version\DFRobotRTOS_T2_S1\LibLPC17xx\Debug\libLibLPC17xx.a(LPC17xx_UART.o)
                0x0000820c                UART_CheckBusy
 .text.UART_FIFOConfig
                0x00008234      0x158 O:\good version\DFRobotRTOS_T2_S1\LibLPC17xx\Debug\libLibLPC17xx.a(LPC17xx_UART.o)
                0x00008234                UART_FIFOConfig
 .text.UART_TxCmd
                0x0000838c       0xc8 O:\good version\DFRobotRTOS_T2_S1\LibLPC17xx\Debug\libLibLPC17xx.a(LPC17xx_UART.o)
                0x0000838c                UART_TxCmd
 .text.SystemInit
                0x00008454      0x164 O:\good version\DFRobotRTOS_T2_S1\LibCMSIS\Debug\libLibCMSIS.a(System_LPC17xx.o)
                0x00008454                SystemInit
 .text          0x000085b8       0x30 c:/nxp/lpcxpresso_7.8.0_426/lpcxpresso/tools/bin/../lib/gcc/arm-none-eabi/4.9.3/armv7-m\libgcc.a(_aeabi_uldivmod.o)
                0x000085b8                __aeabi_uldivmod
 .text          0x000085e8       0x60 c:/nxp/lpcxpresso_7.8.0_426/lpcxpresso/tools/bin/../lib/gcc/arm-none-eabi/4.9.3/armv7-m\libgcc.a(bpabi.o)
                0x000085e8                __gnu_ldivmod_helper
                0x00008618                __gnu_uldivmod_helper
 .text          0x00008648        0x4 c:/nxp/lpcxpresso_7.8.0_426/lpcxpresso/tools/bin/../lib/gcc/arm-none-eabi/4.9.3/armv7-m\libgcc.a(_dvmd_tls.o)
                0x00008648                __aeabi_idiv0
                0x00008648                __aeabi_ldiv0
 .text          0x0000864c      0x2ac c:/nxp/lpcxpresso_7.8.0_426/lpcxpresso/tools/bin/../lib/gcc/arm-none-eabi/4.9.3/armv7-m\libgcc.a(_divdi3.o)
                0x0000864c                __divdi3
 .text          0x000088f8      0x270 c:/nxp/lpcxpresso_7.8.0_426/lpcxpresso/tools/bin/../lib/gcc/arm-none-eabi/4.9.3/armv7-m\libgcc.a(_udivdi3.o)
                0x000088f8                __udivdi3
 .text.abs      0x00008b68        0x8 c:/nxp/lpcxpresso_7.8.0_426/lpcxpresso/tools/bin/../lib/gcc/arm-none-eabi/4.9.3/../../../../arm-none-eabi/lib/armv7-m\libc.a(lib_a-abs.o)
                0x00008b68                abs
 .text.memcmp   0x00008b70       0x64 c:/nxp/lpcxpresso_7.8.0_426/lpcxpresso/tools/bin/../lib/gcc/arm-none-eabi/4.9.3/../../../../arm-none-eabi/lib/armv7-m\libc.a(lib_a-memcmp.o)
                0x00008b70                memcmp
 .text          0x00008bd4       0xec c:/nxp/lpcxpresso_7.8.0_426/lpcxpresso/tools/bin/../lib/gcc/arm-none-eabi/4.9.3/../../../../arm-none-eabi/lib/armv7-m\libc.a(lib_a-memcpy.o)
                0x00008bd4                memcpy
 .text.memset   0x00008cc0       0x9c c:/nxp/lpcxpresso_7.8.0_426/lpcxpresso/tools/bin/../lib/gcc/arm-none-eabi/4.9.3/../../../../arm-none-eabi/lib/armv7-m\libc.a(lib_a-memset.o)
                0x00008cc0                memset
 .text.sprintf  0x00008d5c       0x4c c:/nxp/lpcxpresso_7.8.0_426/lpcxpresso/tools/bin/../lib/gcc/arm-none-eabi/4.9.3/../../../../arm-none-eabi/lib/armv7-m\libc.a(lib_a-sprintf.o)
                0x00008d5c                sprintf
 .text          0x00008da8      0x1bc c:/nxp/lpcxpresso_7.8.0_426/lpcxpresso/tools/bin/../lib/gcc/arm-none-eabi/4.9.3/../../../../arm-none-eabi/lib/armv7-m\libc.a(lib_a-strcmp.o)
                0x00008da8                strcmp
 .text.strncpy  0x00008f64       0x68 c:/nxp/lpcxpresso_7.8.0_426/lpcxpresso/tools/bin/../lib/gcc/arm-none-eabi/4.9.3/../../../../arm-none-eabi/lib/armv7-m\libc.a(lib_a-strncpy.o)
                0x00008f64                strncpy
 .text._svfprintf_r
                0x00008fcc     0x14f4 c:/nxp/lpcxpresso_7.8.0_426/lpcxpresso/tools/bin/../lib/gcc/arm-none-eabi/4.9.3/../../../../arm-none-eabi/lib/armv7-m\libc.a(lib_a-svfprintf.o)
                0x00008fcc                _svfprintf_r
 .text.quorem   0x0000a4c0      0x130 c:/nxp/lpcxpresso_7.8.0_426/lpcxpresso/tools/bin/../lib/gcc/arm-none-eabi/4.9.3/../../../../arm-none-eabi/lib/armv7-m\libc.a(lib_a-dtoa.o)
 .text._dtoa_r  0x0000a5f0      0xea8 c:/nxp/lpcxpresso_7.8.0_426/lpcxpresso/tools/bin/../lib/gcc/arm-none-eabi/4.9.3/../../../../arm-none-eabi/lib/armv7-m\libc.a(lib_a-dtoa.o)
                0x0000a5f0                _dtoa_r
 .text._malloc_trim_r
                0x0000b498       0x9c c:/nxp/lpcxpresso_7.8.0_426/lpcxpresso/tools/bin/../lib/gcc/arm-none-eabi/4.9.3/../../../../arm-none-eabi/lib/armv7-m\libc.a(lib_a-freer.o)
                0x0000b498                _malloc_trim_r
 .text._free_r  0x0000b534      0x1b0 c:/nxp/lpcxpresso_7.8.0_426/lpcxpresso/tools/bin/../lib/gcc/arm-none-eabi/4.9.3/../../../../arm-none-eabi/lib/armv7-m\libc.a(lib_a-freer.o)
                0x0000b534                _free_r
 .text._localeconv_r
                0x0000b6e4        0x8 c:/nxp/lpcxpresso_7.8.0_426/lpcxpresso/tools/bin/../lib/gcc/arm-none-eabi/4.9.3/../../../../arm-none-eabi/lib/armv7-m\libc.a(lib_a-locale.o)
                0x0000b6e4                _localeconv_r
 .text._malloc_r
                0x0000b6ec      0x50c c:/nxp/lpcxpresso_7.8.0_426/lpcxpresso/tools/bin/../lib/gcc/arm-none-eabi/4.9.3/../../../../arm-none-eabi/lib/armv7-m\libc.a(lib_a-mallocr.o)
                0x0000b6ec                _malloc_r
 .text.memchr   0x0000bbf8       0x94 c:/nxp/lpcxpresso_7.8.0_426/lpcxpresso/tools/bin/../lib/gcc/arm-none-eabi/4.9.3/../../../../arm-none-eabi/lib/armv7-m\libc.a(lib_a-memchr.o)
                0x0000bbf8                memchr
 .text.__malloc_lock
                0x0000bc8c        0x4 c:/nxp/lpcxpresso_7.8.0_426/lpcxpresso/tools/bin/../lib/gcc/arm-none-eabi/4.9.3/../../../../arm-none-eabi/lib/armv7-m\libc.a(lib_a-mlock.o)
                0x0000bc8c                __malloc_lock
 .text.__malloc_unlock
                0x0000bc90        0x4 c:/nxp/lpcxpresso_7.8.0_426/lpcxpresso/tools/bin/../lib/gcc/arm-none-eabi/4.9.3/../../../../arm-none-eabi/lib/armv7-m\libc.a(lib_a-mlock.o)
                0x0000bc90                __malloc_unlock
 .text._Balloc  0x0000bc94       0x50 c:/nxp/lpcxpresso_7.8.0_426/lpcxpresso/tools/bin/../lib/gcc/arm-none-eabi/4.9.3/../../../../arm-none-eabi/lib/armv7-m\libc.a(lib_a-mprec.o)
                0x0000bc94                _Balloc
 .text._Bfree   0x0000bce4       0x14 c:/nxp/lpcxpresso_7.8.0_426/lpcxpresso/tools/bin/../lib/gcc/arm-none-eabi/4.9.3/../../../../arm-none-eabi/lib/armv7-m\libc.a(lib_a-mprec.o)
                0x0000bce4                _Bfree
 .text.__multadd
                0x0000bcf8       0x84 c:/nxp/lpcxpresso_7.8.0_426/lpcxpresso/tools/bin/../lib/gcc/arm-none-eabi/4.9.3/../../../../arm-none-eabi/lib/armv7-m\libc.a(lib_a-mprec.o)
                0x0000bcf8                __multadd
 .text.__hi0bits
                0x0000bd7c       0x40 c:/nxp/lpcxpresso_7.8.0_426/lpcxpresso/tools/bin/../lib/gcc/arm-none-eabi/4.9.3/../../../../arm-none-eabi/lib/armv7-m\libc.a(lib_a-mprec.o)
                0x0000bd7c                __hi0bits
 .text.__lo0bits
                0x0000bdbc       0x5c c:/nxp/lpcxpresso_7.8.0_426/lpcxpresso/tools/bin/../lib/gcc/arm-none-eabi/4.9.3/../../../../arm-none-eabi/lib/armv7-m\libc.a(lib_a-mprec.o)
                0x0000bdbc                __lo0bits
 .text.__i2b    0x0000be18       0x14 c:/nxp/lpcxpresso_7.8.0_426/lpcxpresso/tools/bin/../lib/gcc/arm-none-eabi/4.9.3/../../../../arm-none-eabi/lib/armv7-m\libc.a(lib_a-mprec.o)
                0x0000be18                __i2b
 .text.__multiply
                0x0000be2c      0x140 c:/nxp/lpcxpresso_7.8.0_426/lpcxpresso/tools/bin/../lib/gcc/arm-none-eabi/4.9.3/../../../../arm-none-eabi/lib/armv7-m\libc.a(lib_a-mprec.o)
                0x0000be2c                __multiply
 .text.__pow5mult
                0x0000bf6c       0xa0 c:/nxp/lpcxpresso_7.8.0_426/lpcxpresso/tools/bin/../lib/gcc/arm-none-eabi/4.9.3/../../../../arm-none-eabi/lib/armv7-m\libc.a(lib_a-mprec.o)
                0x0000bf6c                __pow5mult
 .text.__lshift
                0x0000c00c       0xb0 c:/nxp/lpcxpresso_7.8.0_426/lpcxpresso/tools/bin/../lib/gcc/arm-none-eabi/4.9.3/../../../../arm-none-eabi/lib/armv7-m\libc.a(lib_a-mprec.o)
                0x0000c00c                __lshift
 .text.__mcmp   0x0000c0bc       0x48 c:/nxp/lpcxpresso_7.8.0_426/lpcxpresso/tools/bin/../lib/gcc/arm-none-eabi/4.9.3/../../../../arm-none-eabi/lib/armv7-m\libc.a(lib_a-mprec.o)
                0x0000c0bc                __mcmp
 .text.__mdiff  0x0000c104       0xe4 c:/nxp/lpcxpresso_7.8.0_426/lpcxpresso/tools/bin/../lib/gcc/arm-none-eabi/4.9.3/../../../../arm-none-eabi/lib/armv7-m\libc.a(lib_a-mprec.o)
                0x0000c104                __mdiff
 .text.__d2b    0x0000c1e8       0xa8 c:/nxp/lpcxpresso_7.8.0_426/lpcxpresso/tools/bin/../lib/gcc/arm-none-eabi/4.9.3/../../../../arm-none-eabi/lib/armv7-m\libc.a(lib_a-mprec.o)
                0x0000c1e8                __d2b
 .text.__fpclassifyd
                0x0000c290       0x58 c:/nxp/lpcxpresso_7.8.0_426/lpcxpresso/tools/bin/../lib/gcc/arm-none-eabi/4.9.3/../../../../arm-none-eabi/lib/armv7-m\libc.a(lib_a-s_fpclassify.o)
                0x0000c290                __fpclassifyd
 .text._sbrk_r  0x0000c2e8       0x24 c:/nxp/lpcxpresso_7.8.0_426/lpcxpresso/tools/bin/../lib/gcc/arm-none-eabi/4.9.3/../../../../arm-none-eabi/lib/armv7-m\libc.a(lib_a-sbrkr.o)
                0x0000c2e8                _sbrk_r
 .text.strlen   0x0000c30c       0x5c c:/nxp/lpcxpresso_7.8.0_426/lpcxpresso/tools/bin/../lib/gcc/arm-none-eabi/4.9.3/../../../../arm-none-eabi/lib/armv7-m\libc.a(lib_a-strlen.o)
                0x0000c30c                strlen
 .text.__ssprint_r
                0x0000c368      0x104 c:/nxp/lpcxpresso_7.8.0_426/lpcxpresso/tools/bin/../lib/gcc/arm-none-eabi/4.9.3/../../../../arm-none-eabi/lib/armv7-m\libc.a(lib_a-svfiprintf.o)
                0x0000c368                __ssprint_r
 .text._calloc_r
                0x0000c46c       0x60 c:/nxp/lpcxpresso_7.8.0_426/lpcxpresso/tools/bin/../lib/gcc/arm-none-eabi/4.9.3/../../../../arm-none-eabi/lib/armv7-m\libc.a(lib_a-callocr.o)
                0x0000c46c                _calloc_r
 .text.memmove  0x0000c4cc       0xc8 c:/nxp/lpcxpresso_7.8.0_426/lpcxpresso/tools/bin/../lib/gcc/arm-none-eabi/4.9.3/../../../../arm-none-eabi/lib/armv7-m\libc.a(lib_a-memmove.o)
                0x0000c4cc                memmove
 .text._realloc_r
                0x0000c594      0x3e0 c:/nxp/lpcxpresso_7.8.0_426/lpcxpresso/tools/bin/../lib/gcc/arm-none-eabi/4.9.3/../../../../arm-none-eabi/lib/armv7-m\libc.a(lib_a-reallocr.o)
                0x0000c594                _realloc_r
 .text          0x0000c974      0x370 c:/nxp/lpcxpresso_7.8.0_426/lpcxpresso/tools/bin/../lib/gcc/arm-none-eabi/4.9.3/armv7-m\libgcc.a(_arm_addsubdf3.o)
                0x0000c974                __aeabi_drsub
                0x0000c97c                __aeabi_dsub
                0x0000c97c                __subdf3
                0x0000c980                __aeabi_dadd
                0x0000c980                __adddf3
                0x0000cbf8                __floatunsidf
                0x0000cbf8                __aeabi_ui2d
                0x0000cc18                __floatsidf
                0x0000cc18                __aeabi_i2d
                0x0000cc3c                __aeabi_f2d
                0x0000cc3c                __extendsfdf2
                0x0000cc78                __floatundidf
                0x0000cc78                __aeabi_ul2d
                0x0000cc88                __floatdidf
                0x0000cc88                __aeabi_l2d
 .text          0x0000cce4      0x424 c:/nxp/lpcxpresso_7.8.0_426/lpcxpresso/tools/bin/../lib/gcc/arm-none-eabi/4.9.3/armv7-m\libgcc.a(_arm_muldivdf3.o)
                0x0000cce4                __aeabi_dmul
                0x0000cce4                __muldf3
                0x0000cf38                __divdf3
                0x0000cf38                __aeabi_ddiv
 .text          0x0000d108      0x110 c:/nxp/lpcxpresso_7.8.0_426/lpcxpresso/tools/bin/../lib/gcc/arm-none-eabi/4.9.3/armv7-m\libgcc.a(_arm_cmpdf2.o)
                0x0000d108                __gtdf2
                0x0000d108                __gedf2
                0x0000d110                __ltdf2
                0x0000d110                __ledf2
                0x0000d118                __nedf2
                0x0000d118                __eqdf2
                0x0000d118                __cmpdf2
                0x0000d194                __aeabi_cdrcmple
                0x0000d1a4                __aeabi_cdcmpeq
                0x0000d1a4                __aeabi_cdcmple
                0x0000d1b4                __aeabi_dcmpeq
                0x0000d1c8                __aeabi_dcmplt
                0x0000d1dc                __aeabi_dcmple
                0x0000d1f0                __aeabi_dcmpge
                0x0000d204                __aeabi_dcmpgt
 .text          0x0000d218       0x50 c:/nxp/lpcxpresso_7.8.0_426/lpcxpresso/tools/bin/../lib/gcc/arm-none-eabi/4.9.3/armv7-m\libgcc.a(_arm_fixdfsi.o)
                0x0000d218                __aeabi_d2iz
                0x0000d218                __fixdfsi
 *(.rodata .rodata.* .constdata .constdata.*)
 .rodata.Font5x7
                0x0000d268      0x300 ./Source/Font5x7.o
                0x0000d268                Font5x7
 .rodata.WavPlayer_Sample
                0x0000d568     0xbbac ./Source/Main.o
                0x0000d568                WavPlayer_Sample
 .rodata.SevenSegmentDecoder
                0x00019114        0xc ./Source/Main.o
 .rodata.SevenSegmentDecoderMode
                0x00019120        0x4 ./Source/Main.o
 .rodata        0x00019124      0x1c4 ./Source/Main.o
 .rodata.Font_Mask
                0x000192e8        0x8 ./Source/OLED.o
 .rodata        0x000192f0       0x18 O:\good version\DFRobotRTOS_T2_S1\LibFreeRTOS\Debug\libLibFreeRTOS.a(FreeRTOS_DriverInterface.o)
 .rodata.xAvailablePeripherals
                0x00019308       0x24 O:\good version\DFRobotRTOS_T2_S1\LibFreeRTOS\Debug\libLibFreeRTOS.a(FreeRTOS_DriverInterface.o)
 .rodata        0x0001932c       0x20 O:\good version\DFRobotRTOS_T2_S1\LibFreeRTOS\Debug\libLibFreeRTOS.a(FreeRTOS_Tasks.o)
 .rodata.ucExpectedStackBytes.5571
                0x0001934c       0x14 O:\good version\DFRobotRTOS_T2_S1\LibFreeRTOS\Debug\libLibFreeRTOS.a(FreeRTOS_Tasks.o)
 .rodata        0x00019360        0x8 O:\good version\DFRobotRTOS_T2_S1\LibFreeRTOS\Debug\libLibFreeRTOS.a(FreeRTOS_Timers.o)
 .rodata.xIRQ   0x00019368        0x4 O:\good version\DFRobotRTOS_T2_S1\LibFreeRTOS\Debug\libLibFreeRTOS.a(FreeRTOS_I2C.o)
 .rodata.xIRQ   0x0001936c        0x4 O:\good version\DFRobotRTOS_T2_S1\LibFreeRTOS\Debug\libLibFreeRTOS.a(FreeRTOS_SSP.o)
 .rodata.xIRQ   0x00019370        0x4 O:\good version\DFRobotRTOS_T2_S1\LibFreeRTOS\Debug\libLibFreeRTOS.a(FreeRTOS_UART.o)
 .rodata        0x00019374       0x18 O:\good version\DFRobotRTOS_T2_S1\LibLPC17xx\Debug\libLibLPC17xx.a(LPC17xx_DAC.o)
 .rodata        0x0001938c       0x18 O:\good version\DFRobotRTOS_T2_S1\LibLPC17xx\Debug\libLibLPC17xx.a(LPC17xx_I2C.o)
 .rodata        0x000193a4       0x18 O:\good version\DFRobotRTOS_T2_S1\LibLPC17xx\Debug\libLibLPC17xx.a(LPC17xx_SSP.o)
 .rodata        0x000193bc       0x1c O:\good version\DFRobotRTOS_T2_S1\LibLPC17xx\Debug\libLibLPC17xx.a(LPC17xx_Timer.o)
 .rodata        0x000193d8       0x1c O:\good version\DFRobotRTOS_T2_S1\LibLPC17xx\Debug\libLibLPC17xx.a(LPC17xx_UART.o)
 .rodata.zeroes.6916
                0x000193f4       0x10 c:/nxp/lpcxpresso_7.8.0_426/lpcxpresso/tools/bin/../lib/gcc/arm-none-eabi/4.9.3/../../../../arm-none-eabi/lib/armv7-m\libc.a(lib_a-svfprintf.o)
 .rodata.str1.4
                0x00019404       0x42 c:/nxp/lpcxpresso_7.8.0_426/lpcxpresso/tools/bin/../lib/gcc/arm-none-eabi/4.9.3/../../../../arm-none-eabi/lib/armv7-m\libc.a(lib_a-svfprintf.o)
                                 0x44 (size before relaxing)
 *fill*         0x00019446        0x2 
 .rodata.blanks.6915
                0x00019448       0x10 c:/nxp/lpcxpresso_7.8.0_426/lpcxpresso/tools/bin/../lib/gcc/arm-none-eabi/4.9.3/../../../../arm-none-eabi/lib/armv7-m\libc.a(lib_a-svfprintf.o)
 .rodata.str1.4
                0x00019458       0x10 c:/nxp/lpcxpresso_7.8.0_426/lpcxpresso/tools/bin/../lib/gcc/arm-none-eabi/4.9.3/../../../../arm-none-eabi/lib/armv7-m\libc.a(lib_a-dtoa.o)
                                 0x14 (size before relaxing)
 .rodata.str1.4
                0x00019468        0x2 c:/nxp/lpcxpresso_7.8.0_426/lpcxpresso/tools/bin/../lib/gcc/arm-none-eabi/4.9.3/../../../../arm-none-eabi/lib/armv7-m\libc.a(lib_a-impure.o)
                                  0x4 (size before relaxing)
 *fill*         0x0001946a        0x2 
 .rodata.str1.4
                0x0001946c        0xc c:/nxp/lpcxpresso_7.8.0_426/lpcxpresso/tools/bin/../lib/gcc/arm-none-eabi/4.9.3/../../../../arm-none-eabi/lib/armv7-m\libc.a(lib_a-locale.o)
                                 0x14 (size before relaxing)
 .rodata.p05.5296
                0x00019478        0xc c:/nxp/lpcxpresso_7.8.0_426/lpcxpresso/tools/bin/../lib/gcc/arm-none-eabi/4.9.3/../../../../arm-none-eabi/lib/armv7-m\libc.a(lib_a-mprec.o)
 *fill*         0x00019484        0x4 
 .rodata.__mprec_tens
                0x00019488       0xc8 c:/nxp/lpcxpresso_7.8.0_426/lpcxpresso/tools/bin/../lib/gcc/arm-none-eabi/4.9.3/../../../../arm-none-eabi/lib/armv7-m\libc.a(lib_a-mprec.o)
                0x00019488                __mprec_tens
 .rodata.__mprec_bigtens
                0x00019550       0x28 c:/nxp/lpcxpresso_7.8.0_426/lpcxpresso/tools/bin/../lib/gcc/arm-none-eabi/4.9.3/../../../../arm-none-eabi/lib/armv7-m\libc.a(lib_a-mprec.o)
                0x00019550                __mprec_bigtens
                0x00019578                . = ALIGN (0x4)

.glue_7         0x00019578        0x0
 .glue_7        0x00000000        0x0 linker stubs

.glue_7t        0x00019578        0x0
 .glue_7t       0x00000000        0x0 linker stubs

.vfp11_veneer   0x00019578        0x0
 .vfp11_veneer  0x00000000        0x0 linker stubs

.v4_bx          0x00019578        0x0
 .v4_bx         0x00000000        0x0 linker stubs

.iplt           0x00019578        0x0
 .iplt          0x00000000        0x0 ./Source/Font5x7.o

.ARM.extab
 *(.ARM.extab* .gnu.linkonce.armextab.*)
                0x00019578                __exidx_start = .

.ARM.exidx      0x00019578        0x8
 *(.ARM.exidx* .gnu.linkonce.armexidx.*)
 .ARM.exidx     0x00019578        0x8 c:/nxp/lpcxpresso_7.8.0_426/lpcxpresso/tools/bin/../lib/gcc/arm-none-eabi/4.9.3/armv7-m\libgcc.a(_divdi3.o)
 .ARM.exidx     0x00019580        0x0 c:/nxp/lpcxpresso_7.8.0_426/lpcxpresso/tools/bin/../lib/gcc/arm-none-eabi/4.9.3/armv7-m\libgcc.a(_udivdi3.o)
                                  0x8 (size before relaxing)
                0x00019580                __exidx_end = .
                0x00019580                _etext = .

.rel.dyn        0x00019580        0x0
 .rel.iplt      0x00000000        0x0 ./Source/Font5x7.o

.data_RAM2      0x2007c000        0x0 load address 0x00019580
 FILL mask 0xff
                0x2007c000                PROVIDE (__start_data_RAM2, .)
 *(.ramfunc.$RAM2)
 *(.ramfunc.$RamAHB32)
 *(.data.$RAM2*)
 *(.data.$RamAHB32*)
                0x2007c000                . = ALIGN (0x4)
                0x2007c000                PROVIDE (__end_data_RAM2, .)

.uninit_RESERVED
                0x10000000        0x0
 *(.bss.$RESERVED*)
                0x10000000                . = ALIGN (0x4)
                0x10000000                _end_uninit_RESERVED = .

.data           0x10000000      0x88c load address 0x00019580
 FILL mask 0xff
                0x10000000                _data = .
 *(vtable)
 *(.ramfunc*)
 *(.data*)
 .data.i        0x10000000        0x2 ./Source/Main.o
                0x10000000                i
 .data.STATE    0x10000002        0x1 ./Source/Main.o
                0x10000002                STATE
 .data.DFR_PWMRate
                0x10000003        0x1 ./Source/dfrobot.o
                0x10000003                DFR_PWMRate
 .data.DFR_Gear
                0x10000004        0x1 ./Source/dfrobot.o
                0x10000004                DFR_Gear
 *fill*         0x10000005        0x3 
 .data.xFreeBytesRemaining
                0x10000008        0x4 O:\good version\DFRobotRTOS_T2_S1\LibFreeRTOS\Debug\libLibFreeRTOS.a(FreeRTOS_Heap.o)
 .data.uxCriticalNesting
                0x1000000c        0x4 O:\good version\DFRobotRTOS_T2_S1\LibFreeRTOS\Debug\libLibFreeRTOS.a(FreeRTOS_Port.o)
 .data.xNextTaskUnblockTime
                0x10000010        0x4 O:\good version\DFRobotRTOS_T2_S1\LibFreeRTOS\Debug\libLibFreeRTOS.a(FreeRTOS_Tasks.o)
 .data.SystemCoreClock
                0x10000014        0x4 O:\good version\DFRobotRTOS_T2_S1\LibCMSIS\Debug\libLibCMSIS.a(System_LPC17xx.o)
                0x10000014                SystemCoreClock
 .data.impure_data
                0x10000018      0x428 c:/nxp/lpcxpresso_7.8.0_426/lpcxpresso/tools/bin/../lib/gcc/arm-none-eabi/4.9.3/../../../../arm-none-eabi/lib/armv7-m\libc.a(lib_a-impure.o)
 .data._impure_ptr
                0x10000440        0x4 c:/nxp/lpcxpresso_7.8.0_426/lpcxpresso/tools/bin/../lib/gcc/arm-none-eabi/4.9.3/../../../../arm-none-eabi/lib/armv7-m\libc.a(lib_a-impure.o)
                0x10000440                _impure_ptr
 .data.lconv    0x10000444       0x38 c:/nxp/lpcxpresso_7.8.0_426/lpcxpresso/tools/bin/../lib/gcc/arm-none-eabi/4.9.3/../../../../arm-none-eabi/lib/armv7-m\libc.a(lib_a-locale.o)
 .data.__malloc_av_
                0x1000047c      0x408 c:/nxp/lpcxpresso_7.8.0_426/lpcxpresso/tools/bin/../lib/gcc/arm-none-eabi/4.9.3/../../../../arm-none-eabi/lib/armv7-m\libc.a(lib_a-mallocr.o)
                0x1000047c                __malloc_av_
 .data.__malloc_trim_threshold
                0x10000884        0x4 c:/nxp/lpcxpresso_7.8.0_426/lpcxpresso/tools/bin/../lib/gcc/arm-none-eabi/4.9.3/../../../../arm-none-eabi/lib/armv7-m\libc.a(lib_a-mallocr.o)
                0x10000884                __malloc_trim_threshold
 .data.__malloc_sbrk_base
                0x10000888        0x4 c:/nxp/lpcxpresso_7.8.0_426/lpcxpresso/tools/bin/../lib/gcc/arm-none-eabi/4.9.3/../../../../arm-none-eabi/lib/armv7-m\libc.a(lib_a-mallocr.o)
                0x10000888                __malloc_sbrk_base
                0x1000088c                . = ALIGN (0x4)
                0x1000088c                _edata = .

.igot.plt       0x1000088c        0x0 load address 0x00019e0c
 .igot.plt      0x00000000        0x0 ./Source/Font5x7.o

.bss_RAM2       0x2007c000        0x0
                0x2007c000                PROVIDE (__start_bss_RAM2, .)
 *(.bss.$RAM2*)
 *(.bss.$RamAHB32*)
                0x2007c000                . = ALIGN (0x4)
                0x2007c000                PROVIDE (__end_bss_RAM2, .)

.bss            0x10000890     0x4200
                0x10000890                _bss = .
 *(.bss*)
 .bss.SoftwareTimer
                0x10000890        0x4 ./Source/Main.o
 .bss.dx        0x10000894        0x1 ./Source/Main.o
                0x10000894                dx
 .bss.dy        0x10000895        0x1 ./Source/Main.o
                0x10000895                dy
 .bss.cx        0x10000896        0x1 ./Source/Main.o
                0x10000896                cx
 .bss.cy        0x10000897        0x1 ./Source/Main.o
                0x10000897                cy
 .bss.drive     0x10000898        0x1 ./Source/Main.o
                0x10000898                drive
 *fill*         0x10000899        0x3 
 .bss.Driving   0x1000089c        0x4 ./Source/Main.o
                0x1000089c                Driving
 .bss.decx      0x100008a0        0x1 ./Source/Main.o
                0x100008a0                decx
 .bss.incx      0x100008a1        0x1 ./Source/Main.o
                0x100008a1                incx
 .bss.decy      0x100008a2        0x1 ./Source/Main.o
                0x100008a2                decy
 .bss.incy      0x100008a3        0x1 ./Source/Main.o
                0x100008a3                incy
 .bss.LWheelCount
                0x100008a4        0x1 ./Source/Main.o
                0x100008a4                LWheelCount
 .bss.RWheelCount
                0x100008a5        0x1 ./Source/Main.o
                0x100008a5                RWheelCount
 .bss.LStore    0x100008a6        0x1 ./Source/Main.o
                0x100008a6                LStore
 .bss.RStore    0x100008a7        0x1 ./Source/Main.o
                0x100008a7                RStore
 .bss.sem_task  0x100008a8        0x4 ./Source/Main.o
                0x100008a8                sem_task
 .bss.time_keep
                0x100008ac        0x4 ./Source/Main.o
                0x100008ac                time_keep
 .bss.spi_keep  0x100008b0        0x4 ./Source/Main.o
                0x100008b0                spi_keep
 .bss.screen_keep
                0x100008b4        0x4 ./Source/Main.o
                0x100008b4                screen_keep
 .bss.MODE      0x100008b8        0x1 ./Source/Main.o
                0x100008b8                MODE
 *fill*         0x100008b9        0x3 
 .bss.tpin      0x100008bc        0x4 ./Source/Main.o
                0x100008bc                tpin
 .bss.heap_end.4110
                0x100008c0        0x4 ./Source/NoSystem.o
 .bss.ShadowFB  0x100008c4      0x300 ./Source/OLED.o
 .bss.SPIPort   0x10000bc4        0x4 ./Source/OLED.o
 .bss.SongPosition
                0x10000bc8        0x4 ./Source/WavPlayer.o
                0x10000bc8                SongPosition
 .bss.SongLength
                0x10000bcc        0x4 ./Source/WavPlayer.o
                0x10000bcc                SongLength
 .bss.lastDelayValue
                0x10000bd0        0x4 ./Source/WavPlayer.o
                0x10000bd0                lastDelayValue
 .bss.RightWheelCount
                0x10000bd4        0x1 ./Source/dfrobot.o
                0x10000bd4                RightWheelCount
 .bss.RightWheelDestination
                0x10000bd5        0x1 ./Source/dfrobot.o
                0x10000bd5                RightWheelDestination
 .bss.LeftWheelCount
                0x10000bd6        0x1 ./Source/dfrobot.o
                0x10000bd6                LeftWheelCount
 .bss.LeftWheelDestination
                0x10000bd7        0x1 ./Source/dfrobot.o
                0x10000bd7                LeftWheelDestination
 .bss.xHeap     0x10000bd8     0x3c00 O:\good version\DFRobotRTOS_T2_S1\LibFreeRTOS\Debug\libLibFreeRTOS.a(FreeRTOS_Heap.o)
 .bss.xStart    0x100047d8        0x8 O:\good version\DFRobotRTOS_T2_S1\LibFreeRTOS\Debug\libLibFreeRTOS.a(FreeRTOS_Heap.o)
 .bss.xEnd      0x100047e0        0x8 O:\good version\DFRobotRTOS_T2_S1\LibFreeRTOS\Debug\libLibFreeRTOS.a(FreeRTOS_Heap.o)
 .bss.xHeapHasBeenInitialised.4440
                0x100047e8        0x4 O:\good version\DFRobotRTOS_T2_S1\LibFreeRTOS\Debug\libLibFreeRTOS.a(FreeRTOS_Heap.o)
 .bss.pxCurrentTCB
                0x100047ec        0x4 O:\good version\DFRobotRTOS_T2_S1\LibFreeRTOS\Debug\libLibFreeRTOS.a(FreeRTOS_Tasks.o)
                0x100047ec                pxCurrentTCB
 .bss.pxReadyTasksLists
                0x100047f0       0x8c O:\good version\DFRobotRTOS_T2_S1\LibFreeRTOS\Debug\libLibFreeRTOS.a(FreeRTOS_Tasks.o)
 .bss.xDelayedTaskList1
                0x1000487c       0x14 O:\good version\DFRobotRTOS_T2_S1\LibFreeRTOS\Debug\libLibFreeRTOS.a(FreeRTOS_Tasks.o)
 .bss.xDelayedTaskList2
                0x10004890       0x14 O:\good version\DFRobotRTOS_T2_S1\LibFreeRTOS\Debug\libLibFreeRTOS.a(FreeRTOS_Tasks.o)
 .bss.pxDelayedTaskList
                0x100048a4        0x4 O:\good version\DFRobotRTOS_T2_S1\LibFreeRTOS\Debug\libLibFreeRTOS.a(FreeRTOS_Tasks.o)
 .bss.pxOverflowDelayedTaskList
                0x100048a8        0x4 O:\good version\DFRobotRTOS_T2_S1\LibFreeRTOS\Debug\libLibFreeRTOS.a(FreeRTOS_Tasks.o)
 .bss.xPendingReadyList
                0x100048ac       0x14 O:\good version\DFRobotRTOS_T2_S1\LibFreeRTOS\Debug\libLibFreeRTOS.a(FreeRTOS_Tasks.o)
 .bss.xTasksWaitingTermination
                0x100048c0       0x14 O:\good version\DFRobotRTOS_T2_S1\LibFreeRTOS\Debug\libLibFreeRTOS.a(FreeRTOS_Tasks.o)
 .bss.uxTasksDeleted
                0x100048d4        0x4 O:\good version\DFRobotRTOS_T2_S1\LibFreeRTOS\Debug\libLibFreeRTOS.a(FreeRTOS_Tasks.o)
 .bss.xSuspendedTaskList
                0x100048d8       0x14 O:\good version\DFRobotRTOS_T2_S1\LibFreeRTOS\Debug\libLibFreeRTOS.a(FreeRTOS_Tasks.o)
 .bss.uxCurrentNumberOfTasks
                0x100048ec        0x4 O:\good version\DFRobotRTOS_T2_S1\LibFreeRTOS\Debug\libLibFreeRTOS.a(FreeRTOS_Tasks.o)
 .bss.xTickCount
                0x100048f0        0x4 O:\good version\DFRobotRTOS_T2_S1\LibFreeRTOS\Debug\libLibFreeRTOS.a(FreeRTOS_Tasks.o)
 .bss.uxTopUsedPriority
                0x100048f4        0x4 O:\good version\DFRobotRTOS_T2_S1\LibFreeRTOS\Debug\libLibFreeRTOS.a(FreeRTOS_Tasks.o)
 .bss.uxTopReadyPriority
                0x100048f8        0x4 O:\good version\DFRobotRTOS_T2_S1\LibFreeRTOS\Debug\libLibFreeRTOS.a(FreeRTOS_Tasks.o)
 .bss.xSchedulerRunning
                0x100048fc        0x4 O:\good version\DFRobotRTOS_T2_S1\LibFreeRTOS\Debug\libLibFreeRTOS.a(FreeRTOS_Tasks.o)
 .bss.uxSchedulerSuspended
                0x10004900        0x4 O:\good version\DFRobotRTOS_T2_S1\LibFreeRTOS\Debug\libLibFreeRTOS.a(FreeRTOS_Tasks.o)
 .bss.uxMissedTicks
                0x10004904        0x4 O:\good version\DFRobotRTOS_T2_S1\LibFreeRTOS\Debug\libLibFreeRTOS.a(FreeRTOS_Tasks.o)
 .bss.xMissedYield
                0x10004908        0x4 O:\good version\DFRobotRTOS_T2_S1\LibFreeRTOS\Debug\libLibFreeRTOS.a(FreeRTOS_Tasks.o)
 .bss.xNumOfOverflows
                0x1000490c        0x4 O:\good version\DFRobotRTOS_T2_S1\LibFreeRTOS\Debug\libLibFreeRTOS.a(FreeRTOS_Tasks.o)
 .bss.uxTCBNumber
                0x10004910        0x4 O:\good version\DFRobotRTOS_T2_S1\LibFreeRTOS\Debug\libLibFreeRTOS.a(FreeRTOS_Tasks.o)
 .bss.xActiveTimerList1
                0x10004914       0x14 O:\good version\DFRobotRTOS_T2_S1\LibFreeRTOS\Debug\libLibFreeRTOS.a(FreeRTOS_Timers.o)
 .bss.xActiveTimerList2
                0x10004928       0x14 O:\good version\DFRobotRTOS_T2_S1\LibFreeRTOS\Debug\libLibFreeRTOS.a(FreeRTOS_Timers.o)
 .bss.pxCurrentTimerList
                0x1000493c        0x4 O:\good version\DFRobotRTOS_T2_S1\LibFreeRTOS\Debug\libLibFreeRTOS.a(FreeRTOS_Timers.o)
 .bss.pxOverflowTimerList
                0x10004940        0x4 O:\good version\DFRobotRTOS_T2_S1\LibFreeRTOS\Debug\libLibFreeRTOS.a(FreeRTOS_Timers.o)
 .bss.xTimerQueue
                0x10004944        0x4 O:\good version\DFRobotRTOS_T2_S1\LibFreeRTOS\Debug\libLibFreeRTOS.a(FreeRTOS_Timers.o)
 .bss.xLastTime.4043
                0x10004948        0x4 O:\good version\DFRobotRTOS_T2_S1\LibFreeRTOS\Debug\libLibFreeRTOS.a(FreeRTOS_Timers.o)
 .bss.pxTxTransferControlStructs
                0x1000494c        0xc O:\good version\DFRobotRTOS_T2_S1\LibFreeRTOS\Debug\libLibFreeRTOS.a(FreeRTOS_I2C.o)
 .bss.pxRxTransferControlStructs
                0x10004958        0xc O:\good version\DFRobotRTOS_T2_S1\LibFreeRTOS\Debug\libLibFreeRTOS.a(FreeRTOS_I2C.o)
 .bss.ucSlaveAddresses
                0x10004964        0x4 O:\good version\DFRobotRTOS_T2_S1\LibFreeRTOS\Debug\libLibFreeRTOS.a(FreeRTOS_I2C.o)
 .bss.xDataDirection
                0x10004968        0x4 O:\good version\DFRobotRTOS_T2_S1\LibFreeRTOS\Debug\libLibFreeRTOS.a(FreeRTOS_I2C.o)
 .bss.xBytesOutstanding
                0x1000496c        0xc O:\good version\DFRobotRTOS_T2_S1\LibFreeRTOS\Debug\libLibFreeRTOS.a(FreeRTOS_I2C.o)
 .bss.pxTxTransferControlStructs
                0x10004978        0x8 O:\good version\DFRobotRTOS_T2_S1\LibFreeRTOS\Debug\libLibFreeRTOS.a(FreeRTOS_SSP.o)
 .bss.pxRxTransferControlStructs
                0x10004980        0x8 O:\good version\DFRobotRTOS_T2_S1\LibFreeRTOS\Debug\libLibFreeRTOS.a(FreeRTOS_SSP.o)
 .bss.ulReceiveActive
                0x10004988        0x8 O:\good version\DFRobotRTOS_T2_S1\LibFreeRTOS\Debug\libLibFreeRTOS.a(FreeRTOS_SSP.o)
 .bss.xSSPConfigurations
                0x10004990       0x30 O:\good version\DFRobotRTOS_T2_S1\LibFreeRTOS\Debug\libLibFreeRTOS.a(FreeRTOS_SSP.o)
 .bss.pxTxTransferControlStructs
                0x100049c0       0x10 O:\good version\DFRobotRTOS_T2_S1\LibFreeRTOS\Debug\libLibFreeRTOS.a(FreeRTOS_UART.o)
 .bss.pxRxTransferControlStructs
                0x100049d0       0x10 O:\good version\DFRobotRTOS_T2_S1\LibFreeRTOS\Debug\libLibFreeRTOS.a(FreeRTOS_UART.o)
 .bss.i2cdat    0x100049e0       0x18 O:\good version\DFRobotRTOS_T2_S1\LibLPC17xx\Debug\libLibLPC17xx.a(LPC17xx_I2C.o)
 .bss.__malloc_max_total_mem
                0x100049f8        0x4 c:/nxp/lpcxpresso_7.8.0_426/lpcxpresso/tools/bin/../lib/gcc/arm-none-eabi/4.9.3/../../../../arm-none-eabi/lib/armv7-m\libc.a(lib_a-mallocr.o)
                0x100049f8                __malloc_max_total_mem
 .bss.__malloc_max_sbrked_mem
                0x100049fc        0x4 c:/nxp/lpcxpresso_7.8.0_426/lpcxpresso/tools/bin/../lib/gcc/arm-none-eabi/4.9.3/../../../../arm-none-eabi/lib/armv7-m\libc.a(lib_a-mallocr.o)
                0x100049fc                __malloc_max_sbrked_mem
 .bss.__malloc_top_pad
                0x10004a00        0x4 c:/nxp/lpcxpresso_7.8.0_426/lpcxpresso/tools/bin/../lib/gcc/arm-none-eabi/4.9.3/../../../../arm-none-eabi/lib/armv7-m\libc.a(lib_a-mallocr.o)
                0x10004a00                __malloc_top_pad
 .bss.__malloc_current_mallinfo
                0x10004a04       0x28 c:/nxp/lpcxpresso_7.8.0_426/lpcxpresso/tools/bin/../lib/gcc/arm-none-eabi/4.9.3/../../../../arm-none-eabi/lib/armv7-m\libc.a(lib_a-mallocr.o)
                0x10004a04                __malloc_current_mallinfo
 *(COMMON)
 COMMON         0x10004a2c        0xa ./Source/Main.o
                0x10004a2c                Hours
                0x10004a30                SPIPort
                0x10004a34                Minutes
                0x10004a35                Seconds
 *fill*         0x10004a36        0x2 
 COMMON         0x10004a38        0x4 ./Source/WavPlayer.o
                0x10004a38                SongPointer
 COMMON         0x10004a3c       0x50 O:\good version\DFRobotRTOS_T2_S1\LibFreeRTOS\Debug\libLibFreeRTOS.a(FreeRTOS_Queue.o)
                0x10004a3c                xQueueRegistry
 COMMON         0x10004a8c        0x4 c:/nxp/lpcxpresso_7.8.0_426/lpcxpresso/tools/bin/../lib/gcc/arm-none-eabi/4.9.3/../../../../arm-none-eabi/lib/armv7-m\libc.a(lib_a-reent.o)
                0x10004a8c                errno
                0x10004a90                . = ALIGN (0x4)
                0x10004a90                _ebss = .
                0x10004a90                PROVIDE (end, .)

.noinit_RAM2    0x2007c000        0x0
 *(.noinit.$RAM2*)
 *(.noinit.$RamAHB32*)
                0x2007c000                . = ALIGN (0x4)

.noinit         0x10004a90        0x0
                0x10004a90                _noinit = .
 *(.noinit*)
                0x10004a90                . = ALIGN (0x4)
                0x10004a90                _end_noinit = .
                0x10004a90                PROVIDE (_pvHeapStart, DEFINED (__user_heap_base)?__user_heap_base:.)
                0x10008000                PROVIDE (_vStackTop, DEFINED (__user_stack_top)?__user_stack_top:(__top_RamLoc32 - 0x0))
OUTPUT(FreeRTOSProject.axf elf32-littlearm)

.debug_info     0x00000000     0xfcd7
 .debug_info    0x00000000       0x5d ./Source/Font5x7.o
 .debug_info    0x0000005d     0x105d ./Source/Main.o
 .debug_info    0x000010ba      0x65a ./Source/NoSystem.o
 .debug_info    0x00001714      0x63d ./Source/OLED.o
 .debug_info    0x00001d51      0x32d ./Source/Startup.o
 .debug_info    0x0000207e      0x9ca ./Source/WavPlayer.o
 .debug_info    0x00002a48      0xcec ./Source/dfrobot.o
 .debug_info    0x00003734      0x126 ./Source/joystick.o
 .debug_info    0x0000385a      0x614 ./Source/pca9532.o
 .debug_info    0x00003e6e      0x6fe O:\good version\DFRobotRTOS_T2_S1\LibFreeRTOS\Debug\libLibFreeRTOS.a(FreeRTOS_DriverInterface.o)
 .debug_info    0x0000456c      0x2bb O:\good version\DFRobotRTOS_T2_S1\LibFreeRTOS\Debug\libLibFreeRTOS.a(FreeRTOS_Heap.o)
 .debug_info    0x00004827      0x5fc O:\good version\DFRobotRTOS_T2_S1\LibFreeRTOS\Debug\libLibFreeRTOS.a(FreeRTOS_IOUtilsCharQueueTxAndRx.o)
 .debug_info    0x00004e23      0x4af O:\good version\DFRobotRTOS_T2_S1\LibFreeRTOS\Debug\libLibFreeRTOS.a(FreeRTOS_IOUtilsCircularBufferRx.o)
 .debug_info    0x000052d2      0x41f O:\good version\DFRobotRTOS_T2_S1\LibFreeRTOS\Debug\libLibFreeRTOS.a(FreeRTOS_IOUtilsZeroCopyTx.o)
 .debug_info    0x000056f1      0x1f3 O:\good version\DFRobotRTOS_T2_S1\LibFreeRTOS\Debug\libLibFreeRTOS.a(FreeRTOS_Port.o)
 .debug_info    0x000058e4      0x9bf O:\good version\DFRobotRTOS_T2_S1\LibFreeRTOS\Debug\libLibFreeRTOS.a(FreeRTOS_Queue.o)
 .debug_info    0x000062a3      0xfb6 O:\good version\DFRobotRTOS_T2_S1\LibFreeRTOS\Debug\libLibFreeRTOS.a(FreeRTOS_Tasks.o)
 .debug_info    0x00007259      0x6f9 O:\good version\DFRobotRTOS_T2_S1\LibFreeRTOS\Debug\libLibFreeRTOS.a(FreeRTOS_Timers.o)
 .debug_info    0x00007952      0x2d8 O:\good version\DFRobotRTOS_T2_S1\LibFreeRTOS\Debug\libLibFreeRTOS.a(LPC17xx_DriverInterface.o)
 .debug_info    0x00007c2a      0xf11 O:\good version\DFRobotRTOS_T2_S1\LibFreeRTOS\Debug\libLibFreeRTOS.a(FreeRTOS_I2C.o)
 .debug_info    0x00008b3b      0x293 O:\good version\DFRobotRTOS_T2_S1\LibFreeRTOS\Debug\libLibFreeRTOS.a(FreeRTOS_IOUtils.o)
 .debug_info    0x00008dce      0x287 O:\good version\DFRobotRTOS_T2_S1\LibFreeRTOS\Debug\libLibFreeRTOS.a(FreeRTOS_List.o)
 .debug_info    0x00009055      0xcd5 O:\good version\DFRobotRTOS_T2_S1\LibFreeRTOS\Debug\libLibFreeRTOS.a(FreeRTOS_SSP.o)
 .debug_info    0x00009d2a     0x10ee O:\good version\DFRobotRTOS_T2_S1\LibFreeRTOS\Debug\libLibFreeRTOS.a(FreeRTOS_UART.o)
 .debug_info    0x0000ae18      0x65c O:\good version\DFRobotRTOS_T2_S1\LibLPC17xx\Debug\libLibLPC17xx.a(LPC17xx_ClockPower.o)
 .debug_info    0x0000b474       0xdb O:\good version\DFRobotRTOS_T2_S1\LibLPC17xx\Debug\libLibLPC17xx.a(LPC17xx_Config.o)
 .debug_info    0x0000b54f      0x28d O:\good version\DFRobotRTOS_T2_S1\LibLPC17xx\Debug\libLibLPC17xx.a(LPC17xx_DAC.o)
 .debug_info    0x0000b7dc      0xd5d O:\good version\DFRobotRTOS_T2_S1\LibLPC17xx\Debug\libLibLPC17xx.a(LPC17xx_GPIO.o)
 .debug_info    0x0000c539      0xe46 O:\good version\DFRobotRTOS_T2_S1\LibLPC17xx\Debug\libLibLPC17xx.a(LPC17xx_I2C.o)
 .debug_info    0x0000d37f      0x478 O:\good version\DFRobotRTOS_T2_S1\LibLPC17xx\Debug\libLibLPC17xx.a(LPC17xx_PinSelect.o)
 .debug_info    0x0000d7f7      0x731 O:\good version\DFRobotRTOS_T2_S1\LibLPC17xx\Debug\libLibLPC17xx.a(LPC17xx_SSP.o)
 .debug_info    0x0000df28      0x838 O:\good version\DFRobotRTOS_T2_S1\LibLPC17xx\Debug\libLibLPC17xx.a(LPC17xx_Timer.o)
 .debug_info    0x0000e760     0x1091 O:\good version\DFRobotRTOS_T2_S1\LibLPC17xx\Debug\libLibLPC17xx.a(LPC17xx_UART.o)
 .debug_info    0x0000f7f1      0x4e6 O:\good version\DFRobotRTOS_T2_S1\LibCMSIS\Debug\libLibCMSIS.a(System_LPC17xx.o)

.debug_abbrev   0x00000000     0x32e6
 .debug_abbrev  0x00000000       0x48 ./Source/Font5x7.o
 .debug_abbrev  0x00000048      0x2cd ./Source/Main.o
 .debug_abbrev  0x00000315      0x11d ./Source/NoSystem.o
 .debug_abbrev  0x00000432      0x1db ./Source/OLED.o
 .debug_abbrev  0x0000060d      0x130 ./Source/Startup.o
 .debug_abbrev  0x0000073d      0x1ec ./Source/WavPlayer.o
 .debug_abbrev  0x00000929      0x25c ./Source/dfrobot.o
 .debug_abbrev  0x00000b85       0x95 ./Source/joystick.o
 .debug_abbrev  0x00000c1a      0x1d3 ./Source/pca9532.o
 .debug_abbrev  0x00000ded      0x168 O:\good version\DFRobotRTOS_T2_S1\LibFreeRTOS\Debug\libLibFreeRTOS.a(FreeRTOS_DriverInterface.o)
 .debug_abbrev  0x00000f55      0x16d O:\good version\DFRobotRTOS_T2_S1\LibFreeRTOS\Debug\libLibFreeRTOS.a(FreeRTOS_Heap.o)
 .debug_abbrev  0x000010c2      0x108 O:\good version\DFRobotRTOS_T2_S1\LibFreeRTOS\Debug\libLibFreeRTOS.a(FreeRTOS_IOUtilsCharQueueTxAndRx.o)
 .debug_abbrev  0x000011ca      0x108 O:\good version\DFRobotRTOS_T2_S1\LibFreeRTOS\Debug\libLibFreeRTOS.a(FreeRTOS_IOUtilsCircularBufferRx.o)
 .debug_abbrev  0x000012d2       0xf0 O:\good version\DFRobotRTOS_T2_S1\LibFreeRTOS\Debug\libLibFreeRTOS.a(FreeRTOS_IOUtilsZeroCopyTx.o)
 .debug_abbrev  0x000013c2      0x11f O:\good version\DFRobotRTOS_T2_S1\LibFreeRTOS\Debug\libLibFreeRTOS.a(FreeRTOS_Port.o)
 .debug_abbrev  0x000014e1      0x1bb O:\good version\DFRobotRTOS_T2_S1\LibFreeRTOS\Debug\libLibFreeRTOS.a(FreeRTOS_Queue.o)
 .debug_abbrev  0x0000169c      0x1ec O:\good version\DFRobotRTOS_T2_S1\LibFreeRTOS\Debug\libLibFreeRTOS.a(FreeRTOS_Tasks.o)
 .debug_abbrev  0x00001888      0x190 O:\good version\DFRobotRTOS_T2_S1\LibFreeRTOS\Debug\libLibFreeRTOS.a(FreeRTOS_Timers.o)
 .debug_abbrev  0x00001a18       0xd6 O:\good version\DFRobotRTOS_T2_S1\LibFreeRTOS\Debug\libLibFreeRTOS.a(LPC17xx_DriverInterface.o)
 .debug_abbrev  0x00001aee      0x21c O:\good version\DFRobotRTOS_T2_S1\LibFreeRTOS\Debug\libLibFreeRTOS.a(FreeRTOS_I2C.o)
 .debug_abbrev  0x00001d0a       0xb4 O:\good version\DFRobotRTOS_T2_S1\LibFreeRTOS\Debug\libLibFreeRTOS.a(FreeRTOS_IOUtils.o)
 .debug_abbrev  0x00001dbe       0xbf O:\good version\DFRobotRTOS_T2_S1\LibFreeRTOS\Debug\libLibFreeRTOS.a(FreeRTOS_List.o)
 .debug_abbrev  0x00001e7d      0x21b O:\good version\DFRobotRTOS_T2_S1\LibFreeRTOS\Debug\libLibFreeRTOS.a(FreeRTOS_SSP.o)
 .debug_abbrev  0x00002098      0x278 O:\good version\DFRobotRTOS_T2_S1\LibFreeRTOS\Debug\libLibFreeRTOS.a(FreeRTOS_UART.o)
 .debug_abbrev  0x00002310      0x1ca O:\good version\DFRobotRTOS_T2_S1\LibLPC17xx\Debug\libLibLPC17xx.a(LPC17xx_ClockPower.o)
 .debug_abbrev  0x000024da       0x6c O:\good version\DFRobotRTOS_T2_S1\LibLPC17xx\Debug\libLibLPC17xx.a(LPC17xx_Config.o)
 .debug_abbrev  0x00002546       0xee O:\good version\DFRobotRTOS_T2_S1\LibLPC17xx\Debug\libLibLPC17xx.a(LPC17xx_DAC.o)
 .debug_abbrev  0x00002634      0x20f O:\good version\DFRobotRTOS_T2_S1\LibLPC17xx\Debug\libLibLPC17xx.a(LPC17xx_GPIO.o)
 .debug_abbrev  0x00002843      0x27f O:\good version\DFRobotRTOS_T2_S1\LibLPC17xx\Debug\libLibLPC17xx.a(LPC17xx_I2C.o)
 .debug_abbrev  0x00002ac2      0x127 O:\good version\DFRobotRTOS_T2_S1\LibLPC17xx\Debug\libLibLPC17xx.a(LPC17xx_PinSelect.o)
 .debug_abbrev  0x00002be9      0x1c5 O:\good version\DFRobotRTOS_T2_S1\LibLPC17xx\Debug\libLibLPC17xx.a(LPC17xx_SSP.o)
 .debug_abbrev  0x00002dae      0x1f8 O:\good version\DFRobotRTOS_T2_S1\LibLPC17xx\Debug\libLibLPC17xx.a(LPC17xx_Timer.o)
 .debug_abbrev  0x00002fa6      0x211 O:\good version\DFRobotRTOS_T2_S1\LibLPC17xx\Debug\libLibLPC17xx.a(LPC17xx_UART.o)
 .debug_abbrev  0x000031b7      0x12f O:\good version\DFRobotRTOS_T2_S1\LibCMSIS\Debug\libLibCMSIS.a(System_LPC17xx.o)

.debug_aranges  0x00000000      0xfc8
 .debug_aranges
                0x00000000       0x18 ./Source/Font5x7.o
 .debug_aranges
                0x00000018       0xb8 ./Source/Main.o
 .debug_aranges
                0x000000d0       0xb0 ./Source/NoSystem.o
 .debug_aranges
                0x00000180       0x60 ./Source/OLED.o
 .debug_aranges
                0x000001e0       0x88 ./Source/Startup.o
 .debug_aranges
                0x00000268       0x68 ./Source/WavPlayer.o
 .debug_aranges
                0x000002d0      0x118 ./Source/dfrobot.o
 .debug_aranges
                0x000003e8       0x28 ./Source/joystick.o
 .debug_aranges
                0x00000410       0x80 ./Source/pca9532.o
 .debug_aranges
                0x00000490       0x28 O:\good version\DFRobotRTOS_T2_S1\LibFreeRTOS\Debug\libLibFreeRTOS.a(FreeRTOS_DriverInterface.o)
 .debug_aranges
                0x000004b8       0x38 O:\good version\DFRobotRTOS_T2_S1\LibFreeRTOS\Debug\libLibFreeRTOS.a(FreeRTOS_Heap.o)
 .debug_aranges
                0x000004f0       0x50 O:\good version\DFRobotRTOS_T2_S1\LibFreeRTOS\Debug\libLibFreeRTOS.a(FreeRTOS_IOUtilsCharQueueTxAndRx.o)
 .debug_aranges
                0x00000540       0x38 O:\good version\DFRobotRTOS_T2_S1\LibFreeRTOS\Debug\libLibFreeRTOS.a(FreeRTOS_IOUtilsCircularBufferRx.o)
 .debug_aranges
                0x00000578       0x30 O:\good version\DFRobotRTOS_T2_S1\LibFreeRTOS\Debug\libLibFreeRTOS.a(FreeRTOS_IOUtilsZeroCopyTx.o)
 .debug_aranges
                0x000005a8       0x70 O:\good version\DFRobotRTOS_T2_S1\LibFreeRTOS\Debug\libLibFreeRTOS.a(FreeRTOS_Port.o)
 .debug_aranges
                0x00000618       0xe8 O:\good version\DFRobotRTOS_T2_S1\LibFreeRTOS\Debug\libLibFreeRTOS.a(FreeRTOS_Queue.o)
 .debug_aranges
                0x00000700      0x168 O:\good version\DFRobotRTOS_T2_S1\LibFreeRTOS\Debug\libLibFreeRTOS.a(FreeRTOS_Tasks.o)
 .debug_aranges
                0x00000868       0x88 O:\good version\DFRobotRTOS_T2_S1\LibFreeRTOS\Debug\libLibFreeRTOS.a(FreeRTOS_Timers.o)
 .debug_aranges
                0x000008f0       0x20 O:\good version\DFRobotRTOS_T2_S1\LibFreeRTOS\Debug\libLibFreeRTOS.a(LPC17xx_DriverInterface.o)
 .debug_aranges
                0x00000910       0x58 O:\good version\DFRobotRTOS_T2_S1\LibFreeRTOS\Debug\libLibFreeRTOS.a(FreeRTOS_I2C.o)
 .debug_aranges
                0x00000968       0x20 O:\good version\DFRobotRTOS_T2_S1\LibFreeRTOS\Debug\libLibFreeRTOS.a(FreeRTOS_IOUtils.o)
 .debug_aranges
                0x00000988       0x40 O:\good version\DFRobotRTOS_T2_S1\LibFreeRTOS\Debug\libLibFreeRTOS.a(FreeRTOS_List.o)
 .debug_aranges
                0x000009c8       0x60 O:\good version\DFRobotRTOS_T2_S1\LibFreeRTOS\Debug\libLibFreeRTOS.a(FreeRTOS_SSP.o)
 .debug_aranges
                0x00000a28       0x60 O:\good version\DFRobotRTOS_T2_S1\LibFreeRTOS\Debug\libLibFreeRTOS.a(FreeRTOS_UART.o)
 .debug_aranges
                0x00000a88       0x58 O:\good version\DFRobotRTOS_T2_S1\LibLPC17xx\Debug\libLibLPC17xx.a(LPC17xx_ClockPower.o)
 .debug_aranges
                0x00000ae0       0x20 O:\good version\DFRobotRTOS_T2_S1\LibLPC17xx\Debug\libLibLPC17xx.a(LPC17xx_Config.o)
 .debug_aranges
                0x00000b00       0x40 O:\good version\DFRobotRTOS_T2_S1\LibLPC17xx\Debug\libLibLPC17xx.a(LPC17xx_DAC.o)
 .debug_aranges
                0x00000b40       0xf8 O:\good version\DFRobotRTOS_T2_S1\LibLPC17xx\Debug\libLibLPC17xx.a(LPC17xx_GPIO.o)
 .debug_aranges
                0x00000c38       0xe0 O:\good version\DFRobotRTOS_T2_S1\LibLPC17xx\Debug\libLibLPC17xx.a(LPC17xx_I2C.o)
 .debug_aranges
                0x00000d18       0x48 O:\good version\DFRobotRTOS_T2_S1\LibLPC17xx\Debug\libLibLPC17xx.a(LPC17xx_PinSelect.o)
 .debug_aranges
                0x00000d60       0xa8 O:\good version\DFRobotRTOS_T2_S1\LibLPC17xx\Debug\libLibLPC17xx.a(LPC17xx_SSP.o)
 .debug_aranges
                0x00000e08       0x98 O:\good version\DFRobotRTOS_T2_S1\LibLPC17xx\Debug\libLibLPC17xx.a(LPC17xx_Timer.o)
 .debug_aranges
                0x00000ea0      0x100 O:\good version\DFRobotRTOS_T2_S1\LibLPC17xx\Debug\libLibLPC17xx.a(LPC17xx_UART.o)
 .debug_aranges
                0x00000fa0       0x28 O:\good version\DFRobotRTOS_T2_S1\LibCMSIS\Debug\libLibCMSIS.a(System_LPC17xx.o)

.debug_macro    0x00000000     0x89a6
 .debug_macro   0x00000000      0x6b0 ./Source/Font5x7.o
 .debug_macro   0x000006b0      0x86e ./Source/Font5x7.o
 .debug_macro   0x00000f1e      0x2a0 ./Source/Main.o
 .debug_macro   0x000011be      0x166 ./Source/Main.o
 .debug_macro   0x00001324       0x46 ./Source/Main.o
 .debug_macro   0x0000136a       0x22 ./Source/Main.o
 .debug_macro   0x0000138c       0x44 ./Source/Main.o
 .debug_macro   0x000013d0       0x1c ./Source/Main.o
 .debug_macro   0x000013ec      0x1f7 ./Source/Main.o
 .debug_macro   0x000015e3      0x136 ./Source/Main.o
 .debug_macro   0x00001719       0x9a ./Source/Main.o
 .debug_macro   0x000017b3       0x12 ./Source/Main.o
 .debug_macro   0x000017c5       0x1c ./Source/Main.o
 .debug_macro   0x000017e1      0x19e ./Source/Main.o
 .debug_macro   0x0000197f       0x9a ./Source/Main.o
 .debug_macro   0x00001a19       0xc6 ./Source/Main.o
 .debug_macro   0x00001adf       0x1c ./Source/Main.o
 .debug_macro   0x00001afb       0x34 ./Source/Main.o
 .debug_macro   0x00001b2f       0x18 ./Source/Main.o
 .debug_macro   0x00001b47      0x734 ./Source/Main.o
 .debug_macro   0x0000227b      0x2d5 ./Source/Main.o
 .debug_macro   0x00002550       0x5f ./Source/Main.o
 .debug_macro   0x000025af      0x33e ./Source/Main.o
 .debug_macro   0x000028ed      0x2a7 ./Source/Main.o
 .debug_macro   0x00002b94      0x1eb ./Source/Main.o
 .debug_macro   0x00002d7f      0x15a ./Source/Main.o
 .debug_macro   0x00002ed9       0x44 ./Source/Main.o
 .debug_macro   0x00002f1d       0x53 ./Source/Main.o
 .debug_macro   0x00002f70       0x95 ./Source/Main.o
 .debug_macro   0x00003005       0x5b ./Source/Main.o
 .debug_macro   0x00003060       0x70 ./Source/Main.o
 .debug_macro   0x000030d0       0x58 ./Source/Main.o
 .debug_macro   0x00003128       0x35 ./Source/Main.o
 .debug_macro   0x0000315d       0x9c ./Source/Main.o
 .debug_macro   0x000031f9       0x16 ./Source/Main.o
 .debug_macro   0x0000320f       0x35 ./Source/Main.o
 .debug_macro   0x00003244      0x29d ./Source/Main.o
 .debug_macro   0x000034e1       0x10 ./Source/Main.o
 .debug_macro   0x000034f1       0x52 ./Source/Main.o
 .debug_macro   0x00003543       0x16 ./Source/Main.o
 .debug_macro   0x00003559       0x43 ./Source/Main.o
 .debug_macro   0x0000359c      0x180 ./Source/Main.o
 .debug_macro   0x0000371c       0x10 ./Source/Main.o
 .debug_macro   0x0000372c       0x22 ./Source/Main.o
 .debug_macro   0x0000374e       0xbd ./Source/Main.o
 .debug_macro   0x0000380b       0x16 ./Source/Main.o
 .debug_macro   0x00003821      0x196 ./Source/Main.o
 .debug_macro   0x000039b7       0x46 ./Source/Main.o
 .debug_macro   0x000039fd       0x34 ./Source/Main.o
 .debug_macro   0x00003a31       0xb2 ./Source/Main.o
 .debug_macro   0x00003ae3       0x28 ./Source/Main.o
 .debug_macro   0x00003b0b       0x16 ./Source/Main.o
 .debug_macro   0x00003b21      0x168 ./Source/NoSystem.o
 .debug_macro   0x00003c89       0x60 ./Source/NoSystem.o
 .debug_macro   0x00003ce9       0x10 ./Source/NoSystem.o
 .debug_macro   0x00003cf9      0x23b ./Source/NoSystem.o
 .debug_macro   0x00003f34       0x10 ./Source/NoSystem.o
 .debug_macro   0x00003f44       0x10 ./Source/NoSystem.o
 .debug_macro   0x00003f54       0x10 ./Source/NoSystem.o
 .debug_macro   0x00003f64       0xb7 ./Source/NoSystem.o
 .debug_macro   0x0000401b       0x35 ./Source/NoSystem.o
 .debug_macro   0x00004050      0x121 ./Source/NoSystem.o
 .debug_macro   0x00004171      0x249 ./Source/OLED.o
 .debug_macro   0x000043ba       0x4a ./Source/OLED.o
 .debug_macro   0x00004404       0x10 ./Source/OLED.o
 .debug_macro   0x00004414       0x61 ./Source/Startup.o
 .debug_macro   0x00004475      0x18e ./Source/WavPlayer.o
 .debug_macro   0x00004603       0x66 ./Source/WavPlayer.o
 .debug_macro   0x00004669       0x40 ./Source/WavPlayer.o
 .debug_macro   0x000046a9      0x146 ./Source/WavPlayer.o
 .debug_macro   0x000047ef       0x40 ./Source/WavPlayer.o
 .debug_macro   0x0000482f       0xef ./Source/WavPlayer.o
 .debug_macro   0x0000491e      0x13c ./Source/WavPlayer.o
 .debug_macro   0x00004a5a      0x344 ./Source/WavPlayer.o
 .debug_macro   0x00004d9e       0xea ./Source/dfrobot.o
 .debug_macro   0x00004e88       0x40 ./Source/dfrobot.o
 .debug_macro   0x00004ec8       0xe9 ./Source/dfrobot.o
 .debug_macro   0x00004fb1       0xee ./Source/dfrobot.o
 .debug_macro   0x0000509f       0xa5 ./Source/joystick.o
 .debug_macro   0x00005144       0xc3 ./Source/pca9532.o
 .debug_macro   0x00005207      0x1e5 ./Source/pca9532.o
 .debug_macro   0x000053ec      0x224 O:\good version\DFRobotRTOS_T2_S1\LibFreeRTOS\Debug\libLibFreeRTOS.a(FreeRTOS_DriverInterface.o)
 .debug_macro   0x00005610       0x2e O:\good version\DFRobotRTOS_T2_S1\LibFreeRTOS\Debug\libLibFreeRTOS.a(FreeRTOS_DriverInterface.o)
 .debug_macro   0x0000563e       0x1c O:\good version\DFRobotRTOS_T2_S1\LibFreeRTOS\Debug\libLibFreeRTOS.a(FreeRTOS_DriverInterface.o)
 .debug_macro   0x0000565a       0x28 O:\good version\DFRobotRTOS_T2_S1\LibFreeRTOS\Debug\libLibFreeRTOS.a(FreeRTOS_DriverInterface.o)
 .debug_macro   0x00005682      0x188 O:\good version\DFRobotRTOS_T2_S1\LibFreeRTOS\Debug\libLibFreeRTOS.a(FreeRTOS_Heap.o)
 .debug_macro   0x0000580a       0x16 O:\good version\DFRobotRTOS_T2_S1\LibFreeRTOS\Debug\libLibFreeRTOS.a(FreeRTOS_Heap.o)
 .debug_macro   0x00005820      0x10e O:\good version\DFRobotRTOS_T2_S1\LibFreeRTOS\Debug\libLibFreeRTOS.a(FreeRTOS_Heap.o)
 .debug_macro   0x0000592e       0x7f O:\good version\DFRobotRTOS_T2_S1\LibFreeRTOS\Debug\libLibFreeRTOS.a(FreeRTOS_Heap.o)